Archive member included to satisfy reference by file (symbol)

c:/st/stm32cubeide_1.4.0/stm32cubeide/plugins/com.st.stm32cube.ide.mcu.externaltools.gnu-tools-for-stm32.9-2020-q2-update.win32_1.5.0.202011040924/tools/bin/../lib/gcc/arm-none-eabi/9.3.1/../../../../arm-none-eabi/lib/thumb/v7e-m+fp/hard\libc_nano.a(lib_a-errno.o)
                              Core/Src/syscalls.o (__errno)
c:/st/stm32cubeide_1.4.0/stm32cubeide/plugins/com.st.stm32cube.ide.mcu.externaltools.gnu-tools-for-stm32.9-2020-q2-update.win32_1.5.0.202011040924/tools/bin/../lib/gcc/arm-none-eabi/9.3.1/../../../../arm-none-eabi/lib/thumb/v7e-m+fp/hard\libc_nano.a(lib_a-exit.o)
                              c:/st/stm32cubeide_1.4.0/stm32cubeide/plugins/com.st.stm32cube.ide.mcu.externaltools.gnu-tools-for-stm32.9-2020-q2-update.win32_1.5.0.202011040924/tools/bin/../lib/gcc/arm-none-eabi/9.3.1/../../../../arm-none-eabi/lib/thumb/v7e-m+fp/hard/crt0.o (exit)
c:/st/stm32cubeide_1.4.0/stm32cubeide/plugins/com.st.stm32cube.ide.mcu.externaltools.gnu-tools-for-stm32.9-2020-q2-update.win32_1.5.0.202011040924/tools/bin/../lib/gcc/arm-none-eabi/9.3.1/../../../../arm-none-eabi/lib/thumb/v7e-m+fp/hard\libc_nano.a(lib_a-impure.o)
                              c:/st/stm32cubeide_1.4.0/stm32cubeide/plugins/com.st.stm32cube.ide.mcu.externaltools.gnu-tools-for-stm32.9-2020-q2-update.win32_1.5.0.202011040924/tools/bin/../lib/gcc/arm-none-eabi/9.3.1/../../../../arm-none-eabi/lib/thumb/v7e-m+fp/hard\libc_nano.a(lib_a-exit.o) (_global_impure_ptr)
c:/st/stm32cubeide_1.4.0/stm32cubeide/plugins/com.st.stm32cube.ide.mcu.externaltools.gnu-tools-for-stm32.9-2020-q2-update.win32_1.5.0.202011040924/tools/bin/../lib/gcc/arm-none-eabi/9.3.1/../../../../arm-none-eabi/lib/thumb/v7e-m+fp/hard\libc_nano.a(lib_a-init.o)
                              c:/st/stm32cubeide_1.4.0/stm32cubeide/plugins/com.st.stm32cube.ide.mcu.externaltools.gnu-tools-for-stm32.9-2020-q2-update.win32_1.5.0.202011040924/tools/bin/../lib/gcc/arm-none-eabi/9.3.1/../../../../arm-none-eabi/lib/thumb/v7e-m+fp/hard/crt0.o (__libc_init_array)
c:/st/stm32cubeide_1.4.0/stm32cubeide/plugins/com.st.stm32cube.ide.mcu.externaltools.gnu-tools-for-stm32.9-2020-q2-update.win32_1.5.0.202011040924/tools/bin/../lib/gcc/arm-none-eabi/9.3.1/../../../../arm-none-eabi/lib/thumb/v7e-m+fp/hard\libc_nano.a(lib_a-malloc.o)
                              Middlewares/ST/STM32_USB_Host_Library/Class/CDC/Src/usbh_cdc.o (malloc)
c:/st/stm32cubeide_1.4.0/stm32cubeide/plugins/com.st.stm32cube.ide.mcu.externaltools.gnu-tools-for-stm32.9-2020-q2-update.win32_1.5.0.202011040924/tools/bin/../lib/gcc/arm-none-eabi/9.3.1/../../../../arm-none-eabi/lib/thumb/v7e-m+fp/hard\libc_nano.a(lib_a-memcpy-stub.o)
                              Middlewares/Third_Party/FreeRTOS/Source/CMSIS_RTOS_V2/cmsis_os2.o (memcpy)
c:/st/stm32cubeide_1.4.0/stm32cubeide/plugins/com.st.stm32cube.ide.mcu.externaltools.gnu-tools-for-stm32.9-2020-q2-update.win32_1.5.0.202011040924/tools/bin/../lib/gcc/arm-none-eabi/9.3.1/../../../../arm-none-eabi/lib/thumb/v7e-m+fp/hard\libc_nano.a(lib_a-memset.o)
                              c:/st/stm32cubeide_1.4.0/stm32cubeide/plugins/com.st.stm32cube.ide.mcu.externaltools.gnu-tools-for-stm32.9-2020-q2-update.win32_1.5.0.202011040924/tools/bin/../lib/gcc/arm-none-eabi/9.3.1/../../../../arm-none-eabi/lib/thumb/v7e-m+fp/hard/crt0.o (memset)
c:/st/stm32cubeide_1.4.0/stm32cubeide/plugins/com.st.stm32cube.ide.mcu.externaltools.gnu-tools-for-stm32.9-2020-q2-update.win32_1.5.0.202011040924/tools/bin/../lib/gcc/arm-none-eabi/9.3.1/../../../../arm-none-eabi/lib/thumb/v7e-m+fp/hard\libc_nano.a(lib_a-nano-freer.o)
                              c:/st/stm32cubeide_1.4.0/stm32cubeide/plugins/com.st.stm32cube.ide.mcu.externaltools.gnu-tools-for-stm32.9-2020-q2-update.win32_1.5.0.202011040924/tools/bin/../lib/gcc/arm-none-eabi/9.3.1/../../../../arm-none-eabi/lib/thumb/v7e-m+fp/hard\libc_nano.a(lib_a-malloc.o) (_free_r)
c:/st/stm32cubeide_1.4.0/stm32cubeide/plugins/com.st.stm32cube.ide.mcu.externaltools.gnu-tools-for-stm32.9-2020-q2-update.win32_1.5.0.202011040924/tools/bin/../lib/gcc/arm-none-eabi/9.3.1/../../../../arm-none-eabi/lib/thumb/v7e-m+fp/hard\libc_nano.a(lib_a-nano-mallocr.o)
                              c:/st/stm32cubeide_1.4.0/stm32cubeide/plugins/com.st.stm32cube.ide.mcu.externaltools.gnu-tools-for-stm32.9-2020-q2-update.win32_1.5.0.202011040924/tools/bin/../lib/gcc/arm-none-eabi/9.3.1/../../../../arm-none-eabi/lib/thumb/v7e-m+fp/hard\libc_nano.a(lib_a-malloc.o) (_malloc_r)
c:/st/stm32cubeide_1.4.0/stm32cubeide/plugins/com.st.stm32cube.ide.mcu.externaltools.gnu-tools-for-stm32.9-2020-q2-update.win32_1.5.0.202011040924/tools/bin/../lib/gcc/arm-none-eabi/9.3.1/../../../../arm-none-eabi/lib/thumb/v7e-m+fp/hard\libc_nano.a(lib_a-sbrkr.o)
[...]
Memory Configuration

Name             Origin             Length             Attributes
RAM              0x0000000020000000 0x0000000000050000 xrw
FLASH            0x0000000008000000 0x0000000000180000 xr
*default*        0x0000000000000000 0xffffffffffffffff

Linker script and memory map

LOAD c:/st/stm32cubeide_1.4.0/stm32cubeide/plugins/com.st.stm32cube.ide.mcu.externaltools.gnu-tools-for-stm32.9-2020-q2-update.win32_1.5.0.202011040924/tools/bin/../lib/gcc/arm-none-eabi/9.3.1/thumb/v7e-m+fp/hard/crti.o
LOAD c:/st/stm32cubeide_1.4.0/stm32cubeide/plugins/com.st.stm32cube.ide.mcu.externaltools.gnu-tools-for-stm32.9-2020-q2-update.win32_1.5.0.202011040924/tools/bin/../lib/gcc/arm-none-eabi/9.3.1/thumb/v7e-m+fp/hard/crtbegin.o
LOAD c:/st/stm32cubeide_1.4.0/stm32cubeide/plugins/com.st.stm32cube.ide.mcu.externaltools.gnu-tools-for-stm32.9-2020-q2-update.win32_1.5.0.202011040924/tools/bin/../lib/gcc/arm-none-eabi/9.3.1/../../../../arm-none-eabi/lib/thumb/v7e-m+fp/hard/crt0.o
LOAD Core/Src/freertos.o
LOAD Core/Src/main.o
LOAD Core/Src/stm32f4xx_hal_msp.o
LOAD Core/Src/stm32f4xx_hal_timebase_tim.o
LOAD Core/Src/stm32f4xx_it.o
LOAD Core/Src/syscalls.o
LOAD Core/Src/sysmem.o
LOAD Core/Src/system_stm32f4xx.o
LOAD Core/Startup/startup_stm32f413zhtx.o
LOAD Drivers/STM32F4xx_HAL_Driver/Src/stm32f4xx_hal.o
LOAD Drivers/STM32F4xx_HAL_Driver/Src/stm32f4xx_hal_adc.o
LOAD Drivers/STM32F4xx_HAL_Driver/Src/stm32f4xx_hal_adc_ex.o
LOAD Drivers/STM32F4xx_HAL_Driver/Src/stm32f4xx_hal_cortex.o
LOAD Drivers/STM32F4xx_HAL_Driver/Src/stm32f4xx_hal_dfsdm.o
LOAD Drivers/STM32F4xx_HAL_Driver/Src/stm32f4xx_hal_dma.o
LOAD Drivers/STM32F4xx_HAL_Driver/Src/stm32f4xx_hal_dma_ex.o
LOAD Drivers/STM32F4xx_HAL_Driver/Src/stm32f4xx_hal_exti.o
LOAD Drivers/STM32F4xx_HAL_Driver/Src/stm32f4xx_hal_flash.o
LOAD Drivers/STM32F4xx_HAL_Driver/Src/stm32f4xx_hal_flash_ex.o
LOAD Drivers/STM32F4xx_HAL_Driver/Src/stm32f4xx_hal_flash_ramfunc.o
LOAD Drivers/STM32F4xx_HAL_Driver/Src/stm32f4xx_hal_fmpi2c.o
LOAD Drivers/STM32F4xx_HAL_Driver/Src/stm32f4xx_hal_fmpi2c_ex.o
LOAD Drivers/STM32F4xx_HAL_Driver/Src/stm32f4xx_hal_gpio.o
LOAD Drivers/STM32F4xx_HAL_Driver/Src/stm32f4xx_hal_hcd.o
LOAD Drivers/STM32F4xx_HAL_Driver/Src/stm32f4xx_hal_i2s.o
LOAD Drivers/STM32F4xx_HAL_Driver/Src/stm32f4xx_hal_i2s_ex.o
LOAD Drivers/STM32F4xx_HAL_Driver/Src/stm32f4xx_hal_pwr.o
LOAD Drivers/STM32F4xx_HAL_Driver/Src/stm32f4xx_hal_pwr_ex.o
LOAD Drivers/STM32F4xx_HAL_Driver/Src/stm32f4xx_hal_qspi.o
LOAD Drivers/STM32F4xx_HAL_Driver/Src/stm32f4xx_hal_rcc.o
LOAD Drivers/STM32F4xx_HAL_Driver/Src/stm32f4xx_hal_rcc_ex.o
LOAD Drivers/STM32F4xx_HAL_Driver/Src/stm32f4xx_hal_sd.o
LOAD Drivers/STM32F4xx_HAL_Driver/Src/stm32f4xx_hal_sram.o
LOAD Drivers/STM32F4xx_HAL_Driver/Src/stm32f4xx_hal_tim.o
LOAD Drivers/STM32F4xx_HAL_Driver/Src/stm32f4xx_hal_tim_ex.o
LOAD Drivers/STM32F4xx_HAL_Driver/Src/stm32f4xx_hal_uart.o
LOAD Drivers/STM32F4xx_HAL_Driver/Src/stm32f4xx_ll_adc.o
LOAD Drivers/STM32F4xx_HAL_Driver/Src/stm32f4xx_ll_fsmc.o
LOAD Drivers/STM32F4xx_HAL_Driver/Src/stm32f4xx_ll_sdmmc.o
LOAD Drivers/STM32F4xx_HAL_Driver/Src/stm32f4xx_ll_usb.o
LOAD Middlewares/ST/STM32_USB_Host_Library/Class/CDC/Src/usbh_cdc.o
LOAD Middlewares/ST/STM32_USB_Host_Library/Core/Src/usbh_core.o
LOAD Middlewares/ST/STM32_USB_Host_Library/Core/Src/usbh_ctlreq.o
LOAD Middlewares/ST/STM32_USB_Host_Library/Core/Src/usbh_ioreq.o
LOAD Middlewares/ST/STM32_USB_Host_Library/Core/Src/usbh_pipes.o
LOAD Middlewares/Third_Party/FreeRTOS/Source/CMSIS_RTOS_V2/cmsis_os2.o
LOAD Middlewares/Third_Party/FreeRTOS/Source/croutine.o
LOAD Middlewares/Third_Party/FreeRTOS/Source/event_groups.o
LOAD Middlewares/Third_Party/FreeRTOS/Source/list.o
LOAD Middlewares/Third_Party/FreeRTOS/Source/queue.o
LOAD Middlewares/Third_Party/FreeRTOS/Source/stream_buffer.o
LOAD Middlewares/Third_Party/FreeRTOS/Source/tasks.o
LOAD Middlewares/Third_Party/FreeRTOS/Source/timers.o
LOAD Middlewares/Third_Party/FreeRTOS/Source/portable/GCC/ARM_CM4F/port.o
LOAD Middlewares/Third_Party/FreeRTOS/Source/portable/MemMang/heap_4.o
LOAD USB_HOST/App/usb_host.o
LOAD USB_HOST/Target/usbh_conf.o
LOAD USB_HOST/Target/usbh_platform.o
START GROUP
LOAD c:/st/stm32cubeide_1.4.0/stm32cubeide/plugins/com.st.stm32cube.ide.mcu.externaltools.gnu-tools-for-stm32.9-2020-q2-update.win32_1.5.0.202011040924/tools/bin/../lib/gcc/arm-none-eabi/9.3.1/../../../../arm-none-eabi/lib/thumb/v7e-m+fp/hard\libc_nano.a
LOAD c:/st/stm32cubeide_1.4.0/stm32cubeide/plugins/com.st.stm32cube.ide.mcu.externaltools.gnu-tools-for-stm32.9-2020-q2-update.win32_1.5.0.202011040924/tools/bin/../lib/gcc/arm-none-eabi/9.3.1/../../../../arm-none-eabi/lib/thumb/v7e-m+fp/hard\libm.a
END GROUP
START GROUP
LOAD c:/st/stm32cubeide_1.4.0/stm32cubeide/plugins/com.st.stm32cube.ide.mcu.externaltools.gnu-tools-for-stm32.9-2020-q2-update.win32_1.5.0.202011040924/tools/bin/../lib/gcc/arm-none-eabi/9.3.1/thumb/v7e-m+fp/hard\libgcc.a
LOAD c:/st/stm32cubeide_1.4.0/stm32cubeide/plugins/com.st.stm32cube.ide.mcu.externaltools.gnu-tools-for-stm32.9-2020-q2-update.win32_1.5.0.202011040924/tools/bin/../lib/gcc/arm-none-eabi/9.3.1/../../../../arm-none-eabi/lib/thumb/v7e-m+fp/hard\libc_nano.a
END GROUP
START GROUP
LOAD c:/st/stm32cubeide_1.4.0/stm32cubeide/plugins/com.st.stm32cube.ide.mcu.externaltools.gnu-tools-for-stm32.9-2020-q2-update.win32_1.5.0.202011040924/tools/bin/../lib/gcc/arm-none-eabi/9.3.1/thumb/v7e-m+fp/hard\libgcc.a
LOAD c:/st/stm32cubeide_1.4.0/stm32cubeide/plugins/com.st.stm32cube.ide.mcu.externaltools.gnu-tools-for-stm32.9-2020-q2-update.win32_1.5.0.202011040924/tools/bin/../lib/gcc/arm-none-eabi/9.3.1/../../../../arm-none-eabi/lib/thumb/v7e-m+fp/hard\libc_nano.a
LOAD c:/st/stm32cubeide_1.4.0/stm32cubeide/plugins/com.st.stm32cube.ide.mcu.externaltools.gnu-tools-for-stm32.9-2020-q2-update.win32_1.5.0.202011040924/tools/bin/../lib/gcc/arm-none-eabi/9.3.1/../../../../arm-none-eabi/lib/thumb/v7e-m+fp/hard\libnosys.a
END GROUP
START GROUP
LOAD c:/st/stm32cubeide_1.4.0/stm32cubeide/plugins/com.st.stm32cube.ide.mcu.externaltools.gnu-tools-for-stm32.9-2020-q2-update.win32_1.5.0.202011040924/tools/bin/../lib/gcc/arm-none-eabi/9.3.1/thumb/v7e-m+fp/hard\libgcc.a
LOAD c:/st/stm32cubeide_1.4.0/stm32cubeide/plugins/com.st.stm32cube.ide.mcu.externaltools.gnu-tools-for-stm32.9-2020-q2-update.win32_1.5.0.202011040924/tools/bin/../lib/gcc/arm-none-eabi/9.3.1/../../../../arm-none-eabi/lib/thumb/v7e-m+fp/hard\libc_nano.a
LOAD c:/st/stm32cubeide_1.4.0/stm32cubeide/plugins/com.st.stm32cube.ide.mcu.externaltools.gnu-tools-for-stm32.9-2020-q2-update.win32_1.5.0.202011040924/tools/bin/../lib/gcc/arm-none-eabi/9.3.1/../../../../arm-none-eabi/lib/thumb/v7e-m+fp/hard\libnosys.a
END GROUP
LOAD c:/st/stm32cubeide_1.4.0/stm32cubeide/plugins/com.st.stm32cube.ide.mcu.externaltools.gnu-tools-for-stm32.9-2020-q2-update.win32_1.5.0.202011040924/tools/bin/../lib/gcc/arm-none-eabi/9.3.1/thumb/v7e-m+fp/hard/crtend.o
LOAD c:/st/stm32cubeide_1.4.0/stm32cubeide/plugins/com.st.stm32cube.ide.mcu.externaltools.gnu-tools-for-stm32.9-2020-q2-update.win32_1.5.0.202011040924/tools/bin/../lib/gcc/arm-none-eabi/9.3.1/thumb/v7e-m+fp/hard/crtn.o
                0x0000000020050000                _estack = (ORIGIN (RAM) + LENGTH (RAM))
                0x0000000000000200                _Min_Heap_Size = 0x200
                0x0000000000000400                _Min_Stack_Size = 0x400

.isr_vector     0x0000000008000000      0x1d8
                0x0000000008000000                . = ALIGN (0x4)
 *(.isr_vector)
 .isr_vector    0x0000000008000000      0x1d8 Core/Startup/startup_stm32f413zhtx.o
                0x0000000008000000                g_pfnVectors
                0x00000000080001d8                . = ALIGN (0x4)

.text           0x00000000080001e0     0xee38
                0x00000000080001e0                . = ALIGN (0x4)
 *(.text)
 .text          0x00000000080001e0       0x40 c:/st/stm32cubeide_1.4.0/stm32cubeide/plugins/com.st.stm32cube.ide.mcu.externaltools.gnu-tools-for-stm32.9-2020-q2-update.win32_1.5.0.202011040924/tools/bin/../lib/gcc/arm-none-eabi/9.3.1/thumb/v7e-m+fp/hard/crtbegin.o
 .text          0x0000000008000220       0x30 c:/st/stm32cubeide_1.4.0/stm32cubeide/plugins/com.st.stm32cube.ide.mcu.externaltools.gnu-tools-for-stm32.9-2020-q2-update.win32_1.5.0.202011040924/tools/bin/../lib/gcc/arm-none-eabi/9.3.1/thumb/v7e-m+fp/hard\libgcc.a(_aeabi_uldivmod.o)
                0x0000000008000220                __aeabi_uldivmod
 .text          0x0000000008000250      0x2c4 c:/st/stm32cubeide_1.4.0/stm32cubeide/plugins/com.st.stm32cube.ide.mcu.externaltools.gnu-tools-for-stm32.9-2020-q2-update.win32_1.5.0.202011040924/tools/bin/../lib/gcc/arm-none-eabi/9.3.1/thumb/v7e-m+fp/hard\libgcc.a(_udivmoddi4.o)
                0x0000000008000250                __udivmoddi4
 .text          0x0000000008000514        0x4 c:/st/stm32cubeide_1.4.0/stm32cubeide/plugins/com.st.stm32cube.ide.mcu.externaltools.gnu-tools-for-stm32.9-2020-q2-update.win32_1.5.0.202011040924/tools/bin/../lib/gcc/arm-none-eabi/9.3.1/thumb/v7e-m+fp/hard\libgcc.a(_dvmd_tls.o)
                0x0000000008000514                __aeabi_idiv0
                0x0000000008000514                __aeabi_ldiv0
 *(.text*)
 .text.main     0x0000000008000518      0x140 Core/Src/main.o
                0x0000000008000518                main
 .text.SystemClock_Config
                0x0000000008000658      0x140 Core/Src/main.o
                0x0000000008000658                SystemClock_Config
 .text.MX_ADC1_Init
                0x0000000008000798       0xa4 Core/Src/main.o
 .text.MX_DFSDM1_Init
                0x000000000800083c       0x70 Core/Src/main.o
 .text.MX_DFSDM2_Init
                0x00000000080008ac       0xd4 Core/Src/main.o
 .text.MX_FMPI2C1_Init
                0x0000000008000980       0x6c Core/Src/main.o
 .text.MX_I2S2_Init
                0x00000000080009ec       0x5c Core/Src/main.o
 .text.MX_QUADSPI_Init
                0x0000000008000a48       0x58 Core/Src/main.o
 .text.MX_SDIO_SD_Init
                0x0000000008000aa0       0x60 Core/Src/main.o
 .text.MX_UART10_Init
                0x0000000008000b00       0x54 Core/Src/main.o
 .text.MX_USART6_UART_Init
                0x0000000008000b54       0x54 Core/Src/main.o
 .text.MX_GPIO_Init
                0x0000000008000ba8      0x2cc Core/Src/main.o
 .text.MX_FSMC_Init
                0x0000000008000e74      0x164 Core/Src/main.o
 .text.StartDefaultTask
                0x0000000008000fd8       0x14 Core/Src/main.o
                0x0000000008000fd8                StartDefaultTask
 .text.StartMotor1PWM
                0x0000000008000fec       0x10 Core/Src/main.o
                0x0000000008000fec                StartMotor1PWM
 .text.StartMotor2PWM
                0x0000000008000ffc       0x10 Core/Src/main.o
                0x0000000008000ffc                StartMotor2PWM
 .text.StartMotor3PWM
                0x000000000800100c       0x10 Core/Src/main.o
                0x000000000800100c                StartMotor3PWM
 .text.RunMotor1PIDUpdate
                0x000000000800101c       0x14 Core/Src/main.o
                0x000000000800101c                RunMotor1PIDUpdate
 .text.RunMotor2PIDUpdate
                0x0000000008001030       0x14 Core/Src/main.o
                0x0000000008001030                RunMotor2PIDUpdate
 .text.RunMotor3PIDUpdate
                0x0000000008001044       0x14 Core/Src/main.o
                0x0000000008001044                RunMotor3PIDUpdate
 .text.RunDriveTrainPID
                0x0000000008001058       0x14 Core/Src/main.o
                0x0000000008001058                RunDriveTrainPID
 .text.HAL_TIM_PeriodElapsedCallback
                0x000000000800106c       0x24 Core/Src/main.o
                0x000000000800106c                HAL_TIM_PeriodElapsedCallback
 .text.Error_Handler
                0x0000000008001090        0xa Core/Src/main.o
                0x0000000008001090                Error_Handler
 *fill*         0x000000000800109a        0x2 
 .text.HAL_MspInit
                0x000000000800109c       0x58 Core/Src/stm32f4xx_hal_msp.o
                0x000000000800109c                HAL_MspInit
 .text.HAL_ADC_MspInit
                0x00000000080010f4       0xf8 Core/Src/stm32f4xx_hal_msp.o
                0x00000000080010f4                HAL_ADC_MspInit
 .text.HAL_DFSDM_ChannelMspInit
                0x00000000080011ec      0x224 Core/Src/stm32f4xx_hal_msp.o
                0x00000000080011ec                HAL_DFSDM_ChannelMspInit
 .text.HAL_FMPI2C_MspInit
                0x0000000008001410       0x90 Core/Src/stm32f4xx_hal_msp.o
                0x0000000008001410                HAL_FMPI2C_MspInit
 .text.HAL_I2S_MspInit
                0x00000000080014a0      0x174 Core/Src/stm32f4xx_hal_msp.o
                0x00000000080014a0                HAL_I2S_MspInit
 .text.HAL_QSPI_MspInit
                0x0000000008001614      0x194 Core/Src/stm32f4xx_hal_msp.o
                0x0000000008001614                HAL_QSPI_MspInit
 .text.HAL_SD_MspInit
                0x00000000080017a8       0xd0 Core/Src/stm32f4xx_hal_msp.o
                0x00000000080017a8                HAL_SD_MspInit
 .text.HAL_UART_MspInit
                0x0000000008001878       0xfc Core/Src/stm32f4xx_hal_msp.o
                0x0000000008001878                HAL_UART_MspInit
 .text.HAL_FSMC_MspInit
                0x0000000008001974       0xe0 Core/Src/stm32f4xx_hal_msp.o
 .text.HAL_SRAM_MspInit
                0x0000000008001a54       0x14 Core/Src/stm32f4xx_hal_msp.o
                0x0000000008001a54                HAL_SRAM_MspInit
 .text.HAL_InitTick
                0x0000000008001a68       0xb0 Core/Src/stm32f4xx_hal_timebase_tim.o
                0x0000000008001a68                HAL_InitTick
 .text.NMI_Handler
                0x0000000008001b18        0x6 Core/Src/stm32f4xx_it.o
                0x0000000008001b18                NMI_Handler
 .text.HardFault_Handler
                0x0000000008001b1e        0x6 Core/Src/stm32f4xx_it.o
                0x0000000008001b1e                HardFault_Handler
 .text.MemManage_Handler
                0x0000000008001b24        0x6 Core/Src/stm32f4xx_it.o
                0x0000000008001b24                MemManage_Handler
 .text.BusFault_Handler
                0x0000000008001b2a        0x6 Core/Src/stm32f4xx_it.o
                0x0000000008001b2a                BusFault_Handler
 .text.UsageFault_Handler
                0x0000000008001b30        0x6 Core/Src/stm32f4xx_it.o
                0x0000000008001b30                UsageFault_Handler
 .text.DebugMon_Handler
                0x0000000008001b36        0xe Core/Src/stm32f4xx_it.o
                0x0000000008001b36                DebugMon_Handler
 .text.EXTI0_IRQHandler
                0x0000000008001b44        0xe Core/Src/stm32f4xx_it.o
                0x0000000008001b44                EXTI0_IRQHandler
 .text.EXTI1_IRQHandler
                0x0000000008001b52        0xe Core/Src/stm32f4xx_it.o
                0x0000000008001b52                EXTI1_IRQHandler
 .text.EXTI4_IRQHandler
                0x0000000008001b60        0xe Core/Src/stm32f4xx_it.o
                0x0000000008001b60                EXTI4_IRQHandler
 .text.EXTI9_5_IRQHandler
                0x0000000008001b6e       0x1c Core/Src/stm32f4xx_it.o
                0x0000000008001b6e                EXTI9_5_IRQHandler
 .text.EXTI15_10_IRQHandler
                0x0000000008001b8a       0x20 Core/Src/stm32f4xx_it.o
                0x0000000008001b8a                EXTI15_10_IRQHandler
 *fill*         0x0000000008001baa        0x2 
 .text.TIM6_DAC_IRQHandler
                0x0000000008001bac       0x14 Core/Src/stm32f4xx_it.o
                0x0000000008001bac                TIM6_DAC_IRQHandler
 .text.OTG_FS_IRQHandler
                0x0000000008001bc0       0x14 Core/Src/stm32f4xx_it.o
                0x0000000008001bc0                OTG_FS_IRQHandler
 .text._sbrk    0x0000000008001bd4       0x6c Core/Src/sysmem.o
                0x0000000008001bd4                _sbrk
 .text.SystemInit
                0x0000000008001c40       0x24 Core/Src/system_stm32f4xx.o
                0x0000000008001c40                SystemInit
 .text.Reset_Handler
                0x0000000008001c64       0x50 Core/Startup/startup_stm32f413zhtx.o
                0x0000000008001c64                Reset_Handler
 .text.Default_Handler
                0x0000000008001cb4        0x2 Core/Startup/startup_stm32f413zhtx.o
                0x0000000008001cb4                RTC_Alarm_IRQHandler
                0x0000000008001cb4                EXTI2_IRQHandler
                0x0000000008001cb4                TIM8_CC_IRQHandler
                0x0000000008001cb4                UART8_IRQHandler
                0x0000000008001cb4                FMPI2C1_EV_IRQHandler
                0x0000000008001cb4                SPI4_IRQHandler
                0x0000000008001cb4                TIM1_CC_IRQHandler
                0x0000000008001cb4                DMA2_Stream5_IRQHandler
                0x0000000008001cb4                DMA1_Stream5_IRQHandler
                0x0000000008001cb4                CAN3_RX1_IRQHandler
                0x0000000008001cb4                PVD_IRQHandler
                0x0000000008001cb4                SDIO_IRQHandler
                0x0000000008001cb4                TAMP_STAMP_IRQHandler
                0x0000000008001cb4                CAN2_RX1_IRQHandler
                0x0000000008001cb4                EXTI3_IRQHandler
                0x0000000008001cb4                TIM8_TRG_COM_TIM14_IRQHandler
                0x0000000008001cb4                DFSDM1_FLT1_IRQHandler
                0x0000000008001cb4                TIM1_UP_TIM10_IRQHandler
                0x0000000008001cb4                TIM8_UP_TIM13_IRQHandler
                0x0000000008001cb4                I2C3_ER_IRQHandler
                0x0000000008001cb4                I2C2_EV_IRQHandler
                0x0000000008001cb4                DMA1_Stream2_IRQHandler
                0x0000000008001cb4                CAN1_RX0_IRQHandler
                0x0000000008001cb4                FPU_IRQHandler
                0x0000000008001cb4                CAN3_SCE_IRQHandler
                0x0000000008001cb4                CAN2_SCE_IRQHandler
                0x0000000008001cb4                DMA2_Stream2_IRQHandler
                0x0000000008001cb4                SPI1_IRQHandler
                0x0000000008001cb4                TIM1_BRK_TIM9_IRQHandler
                0x0000000008001cb4                CAN2_RX0_IRQHandler
                0x0000000008001cb4                DMA2_Stream3_IRQHandler
                0x0000000008001cb4                USART6_IRQHandler
                0x0000000008001cb4                CAN3_RX0_IRQHandler
                0x0000000008001cb4                USART3_IRQHandler
                0x0000000008001cb4                DFSDM2_FLT3_IRQHandler
                0x0000000008001cb4                CAN1_RX1_IRQHandler
                0x0000000008001cb4                UART5_IRQHandler
                0x0000000008001cb4                DMA2_Stream0_IRQHandler
                0x0000000008001cb4                TIM4_IRQHandler
                0x0000000008001cb4                QUADSPI_IRQHandler
                0x0000000008001cb4                I2C1_EV_IRQHandler
                0x0000000008001cb4                DMA1_Stream6_IRQHandler
                0x0000000008001cb4                DMA1_Stream1_IRQHandler
                0x0000000008001cb4                UART4_IRQHandler
                0x0000000008001cb4                TIM3_IRQHandler
                0x0000000008001cb4                RCC_IRQHandler
                0x0000000008001cb4                UART9_IRQHandler
                0x0000000008001cb4                TIM8_BRK_TIM12_IRQHandler
                0x0000000008001cb4                Default_Handler
                0x0000000008001cb4                ADC_IRQHandler
                0x0000000008001cb4                DMA1_Stream7_IRQHandler
                0x0000000008001cb4                DFSDM2_FLT0_IRQHandler
                0x0000000008001cb4                SPI5_IRQHandler
                0x0000000008001cb4                TIM7_IRQHandler
                0x0000000008001cb4                CAN2_TX_IRQHandler
                0x0000000008001cb4                TIM5_IRQHandler
                0x0000000008001cb4                DMA2_Stream7_IRQHandler
                0x0000000008001cb4                I2C3_EV_IRQHandler
                0x0000000008001cb4                DFSDM2_FLT2_IRQHandler
                0x0000000008001cb4                RTC_WKUP_IRQHandler
                0x0000000008001cb4                SPI2_IRQHandler
                0x0000000008001cb4                DMA1_Stream0_IRQHandler
                0x0000000008001cb4                CAN1_TX_IRQHandler
                0x0000000008001cb4                FMPI2C1_ER_IRQHandler
                0x0000000008001cb4                DFSDM2_FLT1_IRQHandler
                0x0000000008001cb4                RNG_IRQHandler
                0x0000000008001cb4                FSMC_IRQHandler
                0x0000000008001cb4                WWDG_IRQHandler
                0x0000000008001cb4                CAN3_TX_IRQHandler
                0x0000000008001cb4                TIM2_IRQHandler
                0x0000000008001cb4                OTG_FS_WKUP_IRQHandler
                0x0000000008001cb4                TIM1_TRG_COM_TIM11_IRQHandler
                0x0000000008001cb4                UART7_IRQHandler
                0x0000000008001cb4                USART2_IRQHandler
                0x0000000008001cb4                DFSDM1_FLT0_IRQHandler
                0x0000000008001cb4                I2C2_ER_IRQHandler
                0x0000000008001cb4                DMA2_Stream1_IRQHandler
                0x0000000008001cb4                CAN1_SCE_IRQHandler
                0x0000000008001cb4                FLASH_IRQHandler
                0x0000000008001cb4                DMA2_Stream4_IRQHandler
                0x0000000008001cb4                USART1_IRQHandler
                0x0000000008001cb4                SPI3_IRQHandler
                0x0000000008001cb4                DMA1_Stream4_IRQHandler
                0x0000000008001cb4                I2C1_ER_IRQHandler
                0x0000000008001cb4                LPTIM1_IRQHandler
                0x0000000008001cb4                DMA2_Stream6_IRQHandler
                0x0000000008001cb4                UART10_IRQHandler
                0x0000000008001cb4                SAI1_IRQHandler
                0x0000000008001cb4                DMA1_Stream3_IRQHandler
 *fill*         0x0000000008001cb6        0x2 
 .text.HAL_Init
                0x0000000008001cb8       0x44 Drivers/STM32F4xx_HAL_Driver/Src/stm32f4xx_hal.o
                0x0000000008001cb8                HAL_Init
 .text.HAL_IncTick
                0x0000000008001cfc       0x28 Drivers/STM32F4xx_HAL_Driver/Src/stm32f4xx_hal.o
                0x0000000008001cfc                HAL_IncTick
 .text.HAL_GetTick
                0x0000000008001d24       0x18 Drivers/STM32F4xx_HAL_Driver/Src/stm32f4xx_hal.o
                0x0000000008001d24                HAL_GetTick
 .text.HAL_Delay
                0x0000000008001d3c       0x48 Drivers/STM32F4xx_HAL_Driver/Src/stm32f4xx_hal.o
                0x0000000008001d3c                HAL_Delay
 .text.HAL_ADC_Init
                0x0000000008001d84       0x86 Drivers/STM32F4xx_HAL_Driver/Src/stm32f4xx_hal_adc.o
                0x0000000008001d84                HAL_ADC_Init
 *fill*         0x0000000008001e0a        0x2 
 .text.HAL_ADC_ConfigChannel
                0x0000000008001e0c      0x264 Drivers/STM32F4xx_HAL_Driver/Src/stm32f4xx_hal_adc.o
                0x0000000008001e0c                HAL_ADC_ConfigChannel
 .text.ADC_Init
                0x0000000008002070      0x1f8 Drivers/STM32F4xx_HAL_Driver/Src/stm32f4xx_hal_adc.o
 .text.__NVIC_SetPriorityGrouping
                0x0000000008002268       0x48 Drivers/STM32F4xx_HAL_Driver/Src/stm32f4xx_hal_cortex.o
 .text.__NVIC_GetPriorityGrouping
                0x00000000080022b0       0x1c Drivers/STM32F4xx_HAL_Driver/Src/stm32f4xx_hal_cortex.o
 .text.__NVIC_EnableIRQ
                0x00000000080022cc       0x3c Drivers/STM32F4xx_HAL_Driver/Src/stm32f4xx_hal_cortex.o
 .text.__NVIC_SetPriority
                0x0000000008002308       0x54 Drivers/STM32F4xx_HAL_Driver/Src/stm32f4xx_hal_cortex.o
 .text.NVIC_EncodePriority
                0x000000000800235c       0x66 Drivers/STM32F4xx_HAL_Driver/Src/stm32f4xx_hal_cortex.o
 .text.HAL_NVIC_SetPriorityGrouping
                0x00000000080023c2       0x16 Drivers/STM32F4xx_HAL_Driver/Src/stm32f4xx_hal_cortex.o
                0x00000000080023c2                HAL_NVIC_SetPriorityGrouping
 .text.HAL_NVIC_SetPriority
                0x00000000080023d8       0x38 Drivers/STM32F4xx_HAL_Driver/Src/stm32f4xx_hal_cortex.o
                0x00000000080023d8                HAL_NVIC_SetPriority
 .text.HAL_NVIC_EnableIRQ
                0x0000000008002410       0x1c Drivers/STM32F4xx_HAL_Driver/Src/stm32f4xx_hal_cortex.o
                0x0000000008002410                HAL_NVIC_EnableIRQ
 .text.HAL_DFSDM_ChannelInit
                0x000000000800242c      0x1e0 Drivers/STM32F4xx_HAL_Driver/Src/stm32f4xx_hal_dfsdm.o
                0x000000000800242c                HAL_DFSDM_ChannelInit
 .text.DFSDM_GetChannelFromInstance
                0x000000000800260c       0xc8 Drivers/STM32F4xx_HAL_Driver/Src/stm32f4xx_hal_dfsdm.o
 .text.HAL_FMPI2C_Init
                0x00000000080026d4      0x11e Drivers/STM32F4xx_HAL_Driver/Src/stm32f4xx_hal_fmpi2c.o
                0x00000000080026d4                HAL_FMPI2C_Init
 .text.HAL_FMPI2CEx_ConfigAnalogFilter
                0x00000000080027f2       0x96 Drivers/STM32F4xx_HAL_Driver/Src/stm32f4xx_hal_fmpi2c_ex.o
                0x00000000080027f2                HAL_FMPI2CEx_ConfigAnalogFilter
 .text.HAL_GPIO_Init
                0x0000000008002888      0x328 Drivers/STM32F4xx_HAL_Driver/Src/stm32f4xx_hal_gpio.o
                0x0000000008002888                HAL_GPIO_Init
 .text.HAL_GPIO_WritePin
                0x0000000008002bb0       0x32 Drivers/STM32F4xx_HAL_Driver/Src/stm32f4xx_hal_gpio.o
                0x0000000008002bb0                HAL_GPIO_WritePin
 *fill*         0x0000000008002be2        0x2 
 .text.HAL_GPIO_EXTI_IRQHandler
                0x0000000008002be4       0x30 Drivers/STM32F4xx_HAL_Driver/Src/stm32f4xx_hal_gpio.o
                0x0000000008002be4                HAL_GPIO_EXTI_IRQHandler
 .text.HAL_GPIO_EXTI_Callback
                0x0000000008002c14       0x16 Drivers/STM32F4xx_HAL_Driver/Src/stm32f4xx_hal_gpio.o
                0x0000000008002c14                HAL_GPIO_EXTI_Callback
 .text.HAL_HCD_Init
                0x0000000008002c2a       0xc4 Drivers/STM32F4xx_HAL_Driver/Src/stm32f4xx_hal_hcd.o
                0x0000000008002c2a                HAL_HCD_Init
 .text.HAL_HCD_HC_Init
                0x0000000008002cee      0x11e Drivers/STM32F4xx_HAL_Driver/Src/stm32f4xx_hal_hcd.o
                0x0000000008002cee                HAL_HCD_HC_Init
 .text.HAL_HCD_HC_Halt
                0x0000000008002e0c       0x46 Drivers/STM32F4xx_HAL_Driver/Src/stm32f4xx_hal_hcd.o
                0x0000000008002e0c                HAL_HCD_HC_Halt
 *fill*         0x0000000008002e52        0x2 
 .text.HAL_HCD_HC_SubmitRequest
                0x0000000008002e54      0x2ac Drivers/STM32F4xx_HAL_Driver/Src/stm32f4xx_hal_hcd.o
                0x0000000008002e54                HAL_HCD_HC_SubmitRequest
 .text.HAL_HCD_IRQHandler
                0x0000000008003100      0x208 Drivers/STM32F4xx_HAL_Driver/Src/stm32f4xx_hal_hcd.o
                0x0000000008003100                HAL_HCD_IRQHandler
 .text.HAL_HCD_Start
                0x0000000008003308       0x46 Drivers/STM32F4xx_HAL_Driver/Src/stm32f4xx_hal_hcd.o
                0x0000000008003308                HAL_HCD_Start
 .text.HAL_HCD_Stop
                0x000000000800334e       0x3a Drivers/STM32F4xx_HAL_Driver/Src/stm32f4xx_hal_hcd.o
                0x000000000800334e                HAL_HCD_Stop
 .text.HAL_HCD_ResetPort
                0x0000000008003388       0x1c Drivers/STM32F4xx_HAL_Driver/Src/stm32f4xx_hal_hcd.o
                0x0000000008003388                HAL_HCD_ResetPort
 .text.HAL_HCD_HC_GetURBState
                0x00000000080033a4       0x28 Drivers/STM32F4xx_HAL_Driver/Src/stm32f4xx_hal_hcd.o
                0x00000000080033a4                HAL_HCD_HC_GetURBState
 .text.HAL_HCD_HC_GetXferCount
                0x00000000080033cc       0x28 Drivers/STM32F4xx_HAL_Driver/Src/stm32f4xx_hal_hcd.o
                0x00000000080033cc                HAL_HCD_HC_GetXferCount
 .text.HAL_HCD_GetCurrentFrame
                0x00000000080033f4       0x1c Drivers/STM32F4xx_HAL_Driver/Src/stm32f4xx_hal_hcd.o
                0x00000000080033f4                HAL_HCD_GetCurrentFrame
 .text.HAL_HCD_GetCurrentSpeed
                0x0000000008003410       0x1c Drivers/STM32F4xx_HAL_Driver/Src/stm32f4xx_hal_hcd.o
                0x0000000008003410                HAL_HCD_GetCurrentSpeed
 .text.HCD_HC_IN_IRQHandler
                0x000000000800342c      0x844 Drivers/STM32F4xx_HAL_Driver/Src/stm32f4xx_hal_hcd.o
 .text.HCD_HC_OUT_IRQHandler
                0x0000000008003c70      0x7fa Drivers/STM32F4xx_HAL_Driver/Src/stm32f4xx_hal_hcd.o
 .text.HCD_RXQLVL_IRQHandler
                0x000000000800446a      0x1a4 Drivers/STM32F4xx_HAL_Driver/Src/stm32f4xx_hal_hcd.o
 .text.HCD_Port_IRQHandler
                0x000000000800460e       0xe6 Drivers/STM32F4xx_HAL_Driver/Src/stm32f4xx_hal_hcd.o
 .text.HAL_I2S_Init
                0x00000000080046f4      0x2c4 Drivers/STM32F4xx_HAL_Driver/Src/stm32f4xx_hal_i2s.o
                0x00000000080046f4                HAL_I2S_Init
 .text.HAL_I2S_TxCpltCallback
                0x00000000080049b8       0x14 Drivers/STM32F4xx_HAL_Driver/Src/stm32f4xx_hal_i2s.o
                0x00000000080049b8                HAL_I2S_TxCpltCallback
 .text.HAL_I2S_RxCpltCallback
                0x00000000080049cc       0x14 Drivers/STM32F4xx_HAL_Driver/Src/stm32f4xx_hal_i2s.o
                0x00000000080049cc                HAL_I2S_RxCpltCallback
 .text.HAL_I2S_ErrorCallback
                0x00000000080049e0       0x14 Drivers/STM32F4xx_HAL_Driver/Src/stm32f4xx_hal_i2s.o
                0x00000000080049e0                HAL_I2S_ErrorCallback
 .text.I2S_Transmit_IT
                0x00000000080049f4       0x5c Drivers/STM32F4xx_HAL_Driver/Src/stm32f4xx_hal_i2s.o
 .text.I2S_Receive_IT
                0x0000000008004a50       0x5e Drivers/STM32F4xx_HAL_Driver/Src/stm32f4xx_hal_i2s.o
 .text.I2S_IRQHandler
                0x0000000008004aae      0x114 Drivers/STM32F4xx_HAL_Driver/Src/stm32f4xx_hal_i2s.o
 *fill*         0x0000000008004bc2        0x2 
 .text.HAL_I2SEx_FullDuplex_IRQHandler
                0x0000000008004bc4      0x2a8 Drivers/STM32F4xx_HAL_Driver/Src/stm32f4xx_hal_i2s_ex.o
                0x0000000008004bc4                HAL_I2SEx_FullDuplex_IRQHandler
 .text.HAL_I2SEx_TxRxCpltCallback
                0x0000000008004e6c       0x14 Drivers/STM32F4xx_HAL_Driver/Src/stm32f4xx_hal_i2s_ex.o
                0x0000000008004e6c                HAL_I2SEx_TxRxCpltCallback
 .text.I2SEx_TxISR_I2S
                0x0000000008004e80       0x62 Drivers/STM32F4xx_HAL_Driver/Src/stm32f4xx_hal_i2s_ex.o
 *fill*         0x0000000008004ee2        0x2 
 .text.I2SEx_TxISR_I2SExt
                0x0000000008004ee4       0x98 Drivers/STM32F4xx_HAL_Driver/Src/stm32f4xx_hal_i2s_ex.o
 .text.I2SEx_RxISR_I2S
                0x0000000008004f7c       0x64 Drivers/STM32F4xx_HAL_Driver/Src/stm32f4xx_hal_i2s_ex.o
 .text.I2SEx_RxISR_I2SExt
                0x0000000008004fe0       0x98 Drivers/STM32F4xx_HAL_Driver/Src/stm32f4xx_hal_i2s_ex.o
 .text.HAL_QSPI_Init
                0x0000000008005078       0xf8 Drivers/STM32F4xx_HAL_Driver/Src/stm32f4xx_hal_qspi.o
                0x0000000008005078                HAL_QSPI_Init
 .text.HAL_QSPI_SetTimeout
                0x0000000008005170       0x1c Drivers/STM32F4xx_HAL_Driver/Src/stm32f4xx_hal_qspi.o
                0x0000000008005170                HAL_QSPI_SetTimeout
 .text.QSPI_WaitFlagStateUntilTimeout
                0x000000000800518c       0x6e Drivers/STM32F4xx_HAL_Driver/Src/stm32f4xx_hal_qspi.o
 *fill*         0x00000000080051fa        0x2 
 .text.HAL_RCC_ClockConfig
                0x00000000080051fc      0x1cc Drivers/STM32F4xx_HAL_Driver/Src/stm32f4xx_hal_rcc.o
                0x00000000080051fc                HAL_RCC_ClockConfig
 .text.HAL_RCC_GetSysClockFreq
                0x00000000080053c8      0x16c Drivers/STM32F4xx_HAL_Driver/Src/stm32f4xx_hal_rcc.o
                0x00000000080053c8                HAL_RCC_GetSysClockFreq
 .text.HAL_RCC_GetHCLKFreq
                0x0000000008005534       0x18 Drivers/STM32F4xx_HAL_Driver/Src/stm32f4xx_hal_rcc.o
                0x0000000008005534                HAL_RCC_GetHCLKFreq
 .text.HAL_RCC_GetPCLK1Freq
                0x000000000800554c       0x28 Drivers/STM32F4xx_HAL_Driver/Src/stm32f4xx_hal_rcc.o
                0x000000000800554c                HAL_RCC_GetPCLK1Freq
 .text.HAL_RCC_GetPCLK2Freq
                0x0000000008005574       0x28 Drivers/STM32F4xx_HAL_Driver/Src/stm32f4xx_hal_rcc.o
                0x0000000008005574                HAL_RCC_GetPCLK2Freq
 .text.HAL_RCC_GetClockConfig
                0x000000000800559c       0x64 Drivers/STM32F4xx_HAL_Driver/Src/stm32f4xx_hal_rcc.o
                0x000000000800559c                HAL_RCC_GetClockConfig
 .text.HAL_RCCEx_PeriphCLKConfig
                0x0000000008005600      0x518 Drivers/STM32F4xx_HAL_Driver/Src/stm32f4xx_hal_rcc_ex.o
                0x0000000008005600                HAL_RCCEx_PeriphCLKConfig
 .text.HAL_RCCEx_GetPeriphCLKFreq
                0x0000000008005b18      0x2c8 Drivers/STM32F4xx_HAL_Driver/Src/stm32f4xx_hal_rcc_ex.o
                0x0000000008005b18                HAL_RCCEx_GetPeriphCLKFreq
 .text.HAL_RCC_OscConfig
                0x0000000008005de0      0x508 Drivers/STM32F4xx_HAL_Driver/Src/stm32f4xx_hal_rcc_ex.o
                0x0000000008005de0                HAL_RCC_OscConfig
 .text.HAL_SD_Init
                0x00000000080062e8       0x60 Drivers/STM32F4xx_HAL_Driver/Src/stm32f4xx_hal_sd.o
                0x00000000080062e8                HAL_SD_Init
 .text.HAL_SD_InitCard
                0x0000000008006348       0xfc Drivers/STM32F4xx_HAL_Driver/Src/stm32f4xx_hal_sd.o
                0x0000000008006348                HAL_SD_InitCard
 .text.HAL_SD_GetCardCSD
                0x0000000008006444      0x348 Drivers/STM32F4xx_HAL_Driver/Src/stm32f4xx_hal_sd.o
                0x0000000008006444                HAL_SD_GetCardCSD
 .text.HAL_SD_ConfigWideBusOperation
                0x000000000800678c      0x134 Drivers/STM32F4xx_HAL_Driver/Src/stm32f4xx_hal_sd.o
                0x000000000800678c                HAL_SD_ConfigWideBusOperation
 .text.SD_InitCard
                0x00000000080068c0      0x198 Drivers/STM32F4xx_HAL_Driver/Src/stm32f4xx_hal_sd.o
 .text.SD_PowerON
                0x0000000008006a58      0x11c Drivers/STM32F4xx_HAL_Driver/Src/stm32f4xx_hal_sd.o
 .text.SD_WideBus_Enable
                0x0000000008006b74       0x96 Drivers/STM32F4xx_HAL_Driver/Src/stm32f4xx_hal_sd.o
 .text.SD_WideBus_Disable
                0x0000000008006c0a       0x96 Drivers/STM32F4xx_HAL_Driver/Src/stm32f4xx_hal_sd.o
 .text.SD_FindSCR
                0x0000000008006ca0      0x1a6 Drivers/STM32F4xx_HAL_Driver/Src/stm32f4xx_hal_sd.o
 .text.HAL_SRAM_Init
                0x0000000008006e46       0x88 Drivers/STM32F4xx_HAL_Driver/Src/stm32f4xx_hal_sram.o
                0x0000000008006e46                HAL_SRAM_Init
 .text.HAL_TIM_Base_Init
                0x0000000008006ece       0x9e Drivers/STM32F4xx_HAL_Driver/Src/stm32f4xx_hal_tim.o
                0x0000000008006ece                HAL_TIM_Base_Init
 .text.HAL_TIM_Base_MspInit
                0x0000000008006f6c       0x14 Drivers/STM32F4xx_HAL_Driver/Src/stm32f4xx_hal_tim.o
                0x0000000008006f6c                HAL_TIM_Base_MspInit
 .text.HAL_TIM_Base_Start_IT
                0x0000000008006f80       0xe0 Drivers/STM32F4xx_HAL_Driver/Src/stm32f4xx_hal_tim.o
                0x0000000008006f80                HAL_TIM_Base_Start_IT
 .text.HAL_TIM_IRQHandler
                0x0000000008007060      0x210 Drivers/STM32F4xx_HAL_Driver/Src/stm32f4xx_hal_tim.o
                0x0000000008007060                HAL_TIM_IRQHandler
 .text.HAL_TIM_OC_DelayElapsedCallback
                0x0000000008007270       0x14 Drivers/STM32F4xx_HAL_Driver/Src/stm32f4xx_hal_tim.o
                0x0000000008007270                HAL_TIM_OC_DelayElapsedCallback
 .text.HAL_TIM_IC_CaptureCallback
                0x0000000008007284       0x14 Drivers/STM32F4xx_HAL_Driver/Src/stm32f4xx_hal_tim.o
                0x0000000008007284                HAL_TIM_IC_CaptureCallback
 .text.HAL_TIM_PWM_PulseFinishedCallback
                0x0000000008007298       0x14 Drivers/STM32F4xx_HAL_Driver/Src/stm32f4xx_hal_tim.o
                0x0000000008007298                HAL_TIM_PWM_PulseFinishedCallback
 .text.HAL_TIM_TriggerCallback
                0x00000000080072ac       0x14 Drivers/STM32F4xx_HAL_Driver/Src/stm32f4xx_hal_tim.o
                0x00000000080072ac                HAL_TIM_TriggerCallback
 .text.TIM_Base_SetConfig
                0x00000000080072c0      0x140 Drivers/STM32F4xx_HAL_Driver/Src/stm32f4xx_hal_tim.o
                0x00000000080072c0                TIM_Base_SetConfig
 .text.HAL_TIMEx_CommutCallback
                0x0000000008007400       0x14 Drivers/STM32F4xx_HAL_Driver/Src/stm32f4xx_hal_tim_ex.o
                0x0000000008007400                HAL_TIMEx_CommutCallback
 .text.HAL_TIMEx_BreakCallback
                0x0000000008007414       0x14 Drivers/STM32F4xx_HAL_Driver/Src/stm32f4xx_hal_tim_ex.o
                0x0000000008007414                HAL_TIMEx_BreakCallback
 .text.HAL_UART_Init
                0x0000000008007428       0x9a Drivers/STM32F4xx_HAL_Driver/Src/stm32f4xx_hal_uart.o
                0x0000000008007428                HAL_UART_Init
 *fill*         0x00000000080074c2        0x2 
 .text.UART_SetConfig
                0x00000000080074c4      0x3b0 Drivers/STM32F4xx_HAL_Driver/Src/stm32f4xx_hal_uart.o
 .text.FSMC_NORSRAM_Init
                0x0000000008007874       0xe0 Drivers/STM32F4xx_HAL_Driver/Src/stm32f4xx_ll_fsmc.o
                0x0000000008007874                FSMC_NORSRAM_Init
 .text.FSMC_NORSRAM_Timing_Init
                0x0000000008007954       0xa6 Drivers/STM32F4xx_HAL_Driver/Src/stm32f4xx_ll_fsmc.o
                0x0000000008007954                FSMC_NORSRAM_Timing_Init
 *fill*         0x00000000080079fa        0x2 
 .text.FSMC_NORSRAM_Extended_Timing_Init
                0x00000000080079fc       0x80 Drivers/STM32F4xx_HAL_Driver/Src/stm32f4xx_ll_fsmc.o
                0x00000000080079fc                FSMC_NORSRAM_Extended_Timing_Init
 .text.SDIO_Init
                0x0000000008007a7c       0x56 Drivers/STM32F4xx_HAL_Driver/Src/stm32f4xx_ll_sdmmc.o
                0x0000000008007a7c                SDIO_Init
 .text.SDIO_ReadFIFO
                0x0000000008007ad2       0x1a Drivers/STM32F4xx_HAL_Driver/Src/stm32f4xx_ll_sdmmc.o
                0x0000000008007ad2                SDIO_ReadFIFO
 .text.SDIO_PowerState_ON
                0x0000000008007aec       0x1e Drivers/STM32F4xx_HAL_Driver/Src/stm32f4xx_ll_sdmmc.o
                0x0000000008007aec                SDIO_PowerState_ON
 .text.SDIO_GetPowerState
                0x0000000008007b0a       0x1c Drivers/STM32F4xx_HAL_Driver/Src/stm32f4xx_ll_sdmmc.o
                0x0000000008007b0a                SDIO_GetPowerState
 .text.SDIO_SendCommand
                0x0000000008007b26       0x54 Drivers/STM32F4xx_HAL_Driver/Src/stm32f4xx_ll_sdmmc.o
                0x0000000008007b26                SDIO_SendCommand
 .text.SDIO_GetCommandResponse
                0x0000000008007b7a       0x1a Drivers/STM32F4xx_HAL_Driver/Src/stm32f4xx_ll_sdmmc.o
                0x0000000008007b7a                SDIO_GetCommandResponse
 .text.SDIO_GetResponse
                0x0000000008007b94       0x26 Drivers/STM32F4xx_HAL_Driver/Src/stm32f4xx_ll_sdmmc.o
                0x0000000008007b94                SDIO_GetResponse
 .text.SDIO_ConfigData
                0x0000000008007bba       0x58 Drivers/STM32F4xx_HAL_Driver/Src/stm32f4xx_ll_sdmmc.o
                0x0000000008007bba                SDIO_ConfigData
 .text.SDMMC_CmdBlockLength
                0x0000000008007c12       0x44 Drivers/STM32F4xx_HAL_Driver/Src/stm32f4xx_ll_sdmmc.o
                0x0000000008007c12                SDMMC_CmdBlockLength
 .text.SDMMC_CmdSelDesel
                0x0000000008007c56       0x46 Drivers/STM32F4xx_HAL_Driver/Src/stm32f4xx_ll_sdmmc.o
                0x0000000008007c56                SDMMC_CmdSelDesel
 .text.SDMMC_CmdGoIdleState
                0x0000000008007c9c       0x3c Drivers/STM32F4xx_HAL_Driver/Src/stm32f4xx_ll_sdmmc.o
                0x0000000008007c9c                SDMMC_CmdGoIdleState
 .text.SDMMC_CmdOperCond
                0x0000000008007cd8       0x3e Drivers/STM32F4xx_HAL_Driver/Src/stm32f4xx_ll_sdmmc.o
                0x0000000008007cd8                SDMMC_CmdOperCond
 .text.SDMMC_CmdAppCommand
                0x0000000008007d16       0x44 Drivers/STM32F4xx_HAL_Driver/Src/stm32f4xx_ll_sdmmc.o
                0x0000000008007d16                SDMMC_CmdAppCommand
 .text.SDMMC_CmdAppOperCommand
                0x0000000008007d5a       0x46 Drivers/STM32F4xx_HAL_Driver/Src/stm32f4xx_ll_sdmmc.o
                0x0000000008007d5a                SDMMC_CmdAppOperCommand
 .text.SDMMC_CmdBusWidth
                0x0000000008007da0       0x44 Drivers/STM32F4xx_HAL_Driver/Src/stm32f4xx_ll_sdmmc.o
                0x0000000008007da0                SDMMC_CmdBusWidth
 .text.SDMMC_CmdSendSCR
                0x0000000008007de4       0x42 Drivers/STM32F4xx_HAL_Driver/Src/stm32f4xx_ll_sdmmc.o
                0x0000000008007de4                SDMMC_CmdSendSCR
 .text.SDMMC_CmdSendCID
                0x0000000008007e26       0x3c Drivers/STM32F4xx_HAL_Driver/Src/stm32f4xx_ll_sdmmc.o
                0x0000000008007e26                SDMMC_CmdSendCID
 .text.SDMMC_CmdSendCSD
                0x0000000008007e62       0x3e Drivers/STM32F4xx_HAL_Driver/Src/stm32f4xx_ll_sdmmc.o
                0x0000000008007e62                SDMMC_CmdSendCSD
 .text.SDMMC_CmdSetRelAdd
                0x0000000008007ea0       0x42 Drivers/STM32F4xx_HAL_Driver/Src/stm32f4xx_ll_sdmmc.o
                0x0000000008007ea0                SDMMC_CmdSetRelAdd
 *fill*         0x0000000008007ee2        0x2 
 .text.SDMMC_GetCmdError
                0x0000000008007ee4       0x58 Drivers/STM32F4xx_HAL_Driver/Src/stm32f4xx_ll_sdmmc.o
 .text.SDMMC_GetCmdResp1
                0x0000000008007f3c      0x1dc Drivers/STM32F4xx_HAL_Driver/Src/stm32f4xx_ll_sdmmc.o
 .text.SDMMC_GetCmdResp2
                0x0000000008008118       0x90 Drivers/STM32F4xx_HAL_Driver/Src/stm32f4xx_ll_sdmmc.o
 .text.SDMMC_GetCmdResp3
                0x00000000080081a8       0x7c Drivers/STM32F4xx_HAL_Driver/Src/stm32f4xx_ll_sdmmc.o
 .text.SDMMC_GetCmdResp6
                0x0000000008008224       0xec Drivers/STM32F4xx_HAL_Driver/Src/stm32f4xx_ll_sdmmc.o
 .text.SDMMC_GetCmdResp7
                0x0000000008008310       0x9c Drivers/STM32F4xx_HAL_Driver/Src/stm32f4xx_ll_sdmmc.o
 .text.USB_CoreInit
                0x00000000080083ac       0xc2 Drivers/STM32F4xx_HAL_Driver/Src/stm32f4xx_ll_usb.o
                0x00000000080083ac                USB_CoreInit
 .text.USB_EnableGlobalInt
                0x000000000800846e       0x22 Drivers/STM32F4xx_HAL_Driver/Src/stm32f4xx_ll_usb.o
                0x000000000800846e                USB_EnableGlobalInt
 .text.USB_DisableGlobalInt
                0x0000000008008490       0x22 Drivers/STM32F4xx_HAL_Driver/Src/stm32f4xx_ll_usb.o
                0x0000000008008490                USB_DisableGlobalInt
 .text.USB_SetCurrentMode
                0x00000000080084b2       0x54 Drivers/STM32F4xx_HAL_Driver/Src/stm32f4xx_ll_usb.o
                0x00000000080084b2                USB_SetCurrentMode
 *fill*         0x0000000008008506        0x2 
 .text.USB_FlushTxFifo
                0x0000000008008508       0x4c Drivers/STM32F4xx_HAL_Driver/Src/stm32f4xx_ll_usb.o
                0x0000000008008508                USB_FlushTxFifo
 .text.USB_FlushRxFifo
                0x0000000008008554       0x44 Drivers/STM32F4xx_HAL_Driver/Src/stm32f4xx_ll_usb.o
                0x0000000008008554                USB_FlushRxFifo
 .text.USB_WritePacket
                0x0000000008008598       0x6a Drivers/STM32F4xx_HAL_Driver/Src/stm32f4xx_ll_usb.o
                0x0000000008008598                USB_WritePacket
 .text.USB_ReadPacket
                0x0000000008008602       0x52 Drivers/STM32F4xx_HAL_Driver/Src/stm32f4xx_ll_usb.o
                0x0000000008008602                USB_ReadPacket
 .text.USB_ReadInterrupts
                0x0000000008008654       0x26 Drivers/STM32F4xx_HAL_Driver/Src/stm32f4xx_ll_usb.o
                0x0000000008008654                USB_ReadInterrupts
 .text.USB_GetMode
                0x000000000800867a       0x1c Drivers/STM32F4xx_HAL_Driver/Src/stm32f4xx_ll_usb.o
                0x000000000800867a                USB_GetMode
 *fill*         0x0000000008008696        0x2 
 .text.USB_CoreReset
                0x0000000008008698       0x68 Drivers/STM32F4xx_HAL_Driver/Src/stm32f4xx_ll_usb.o
 .text.USB_HostInit
                0x0000000008008700      0x16c Drivers/STM32F4xx_HAL_Driver/Src/stm32f4xx_ll_usb.o
                0x0000000008008700                USB_HostInit
 .text.USB_InitFSLSPClkSel
                0x000000000800886c       0x74 Drivers/STM32F4xx_HAL_Driver/Src/stm32f4xx_ll_usb.o
                0x000000000800886c                USB_InitFSLSPClkSel
 .text.USB_ResetPort
                0x00000000080088e0       0x54 Drivers/STM32F4xx_HAL_Driver/Src/stm32f4xx_ll_usb.o
                0x00000000080088e0                USB_ResetPort
 .text.USB_DriveVbus
                0x0000000008008934       0x72 Drivers/STM32F4xx_HAL_Driver/Src/stm32f4xx_ll_usb.o
                0x0000000008008934                USB_DriveVbus
 .text.USB_GetHostSpeed
                0x00000000080089a6       0x2e Drivers/STM32F4xx_HAL_Driver/Src/stm32f4xx_ll_usb.o
                0x00000000080089a6                USB_GetHostSpeed
 .text.USB_GetCurrentFrame
                0x00000000080089d4       0x22 Drivers/STM32F4xx_HAL_Driver/Src/stm32f4xx_ll_usb.o
                0x00000000080089d4                USB_GetCurrentFrame
 *fill*         0x00000000080089f6        0x2 
 .text.USB_HC_Init
                0x00000000080089f8      0x21c Drivers/STM32F4xx_HAL_Driver/Src/stm32f4xx_ll_usb.o
                0x00000000080089f8                USB_HC_Init
 .text.USB_HC_StartXfer
                0x0000000008008c14      0x284 Drivers/STM32F4xx_HAL_Driver/Src/stm32f4xx_ll_usb.o
                0x0000000008008c14                USB_HC_StartXfer
 .text.USB_HC_ReadInterrupt
                0x0000000008008e98       0x22 Drivers/STM32F4xx_HAL_Driver/Src/stm32f4xx_ll_usb.o
                0x0000000008008e98                USB_HC_ReadInterrupt
 .text.USB_HC_Halt
                0x0000000008008eba      0x238 Drivers/STM32F4xx_HAL_Driver/Src/stm32f4xx_ll_usb.o
                0x0000000008008eba                USB_HC_Halt
 *fill*         0x00000000080090f2        0x2 
 .text.USB_DoPing
                0x00000000080090f4       0x78 Drivers/STM32F4xx_HAL_Driver/Src/stm32f4xx_ll_usb.o
                0x00000000080090f4                USB_DoPing
 .text.USB_StopHost
                0x000000000800916c      0x10c Drivers/STM32F4xx_HAL_Driver/Src/stm32f4xx_ll_usb.o
                0x000000000800916c                USB_StopHost
 .text.USBH_CDC_InterfaceInit
                0x0000000008009278      0x2ac Middlewares/ST/STM32_USB_Host_Library/Class/CDC/Src/usbh_cdc.o
 .text.USBH_CDC_InterfaceDeInit
                0x0000000008009524       0xb2 Middlewares/ST/STM32_USB_Host_Library/Class/CDC/Src/usbh_cdc.o
 .text.USBH_CDC_ClassRequest
                0x00000000080095d6       0x3e Middlewares/ST/STM32_USB_Host_Library/Class/CDC/Src/usbh_cdc.o
 .text.USBH_CDC_Process
                0x0000000008009614      0x12c Middlewares/ST/STM32_USB_Host_Library/Class/CDC/Src/usbh_cdc.o
 .text.USBH_CDC_SOFProcess
                0x0000000008009740       0x16 Middlewares/ST/STM32_USB_Host_Library/Class/CDC/Src/usbh_cdc.o
 .text.GetLineCoding
                0x0000000008009756       0x3e Middlewares/ST/STM32_USB_Host_Library/Class/CDC/Src/usbh_cdc.o
 .text.SetLineCoding
                0x0000000008009794       0x3e Middlewares/ST/STM32_USB_Host_Library/Class/CDC/Src/usbh_cdc.o
 .text.CDC_ProcessTransmission
                0x00000000080097d2      0x124 Middlewares/ST/STM32_USB_Host_Library/Class/CDC/Src/usbh_cdc.o
 .text.CDC_ProcessReception
                0x00000000080098f6       0xd2 Middlewares/ST/STM32_USB_Host_Library/Class/CDC/Src/usbh_cdc.o
 .text.USBH_CDC_TransmitCallback
                0x00000000080099c8       0x14 Middlewares/ST/STM32_USB_Host_Library/Class/CDC/Src/usbh_cdc.o
                0x00000000080099c8                USBH_CDC_TransmitCallback
 .text.USBH_CDC_ReceiveCallback
                0x00000000080099dc       0x14 Middlewares/ST/STM32_USB_Host_Library/Class/CDC/Src/usbh_cdc.o
                0x00000000080099dc                USBH_CDC_ReceiveCallback
 .text.USBH_CDC_LineCodingChanged
                0x00000000080099f0       0x14 Middlewares/ST/STM32_USB_Host_Library/Class/CDC/Src/usbh_cdc.o
                0x00000000080099f0                USBH_CDC_LineCodingChanged
 .text.USBH_Init
                0x0000000008009a04       0xb8 Middlewares/ST/STM32_USB_Host_Library/Core/Src/usbh_core.o
                0x0000000008009a04                USBH_Init
 .text.DeInitStateMachine
                0x0000000008009abc       0xa8 Middlewares/ST/STM32_USB_Host_Library/Core/Src/usbh_core.o
 .text.USBH_RegisterClass
                0x0000000008009b64       0x54 Middlewares/ST/STM32_USB_Host_Library/Core/Src/usbh_core.o
                0x0000000008009b64                USBH_RegisterClass
 .text.USBH_SelectInterface
                0x0000000008009bb8       0x38 Middlewares/ST/STM32_USB_Host_Library/Core/Src/usbh_core.o
                0x0000000008009bb8                USBH_SelectInterface
 .text.USBH_FindInterface
                0x0000000008009bf0       0x8c Middlewares/ST/STM32_USB_Host_Library/Core/Src/usbh_core.o
                0x0000000008009bf0                USBH_FindInterface
 .text.USBH_Start
                0x0000000008009c7c       0x20 Middlewares/ST/STM32_USB_Host_Library/Core/Src/usbh_core.o
                0x0000000008009c7c                USBH_Start
 .text.USBH_Process
                0x0000000008009c9c      0x4c4 Middlewares/ST/STM32_USB_Host_Library/Core/Src/usbh_core.o
                0x0000000008009c9c                USBH_Process
 .text.USBH_HandleEnum
                0x000000000800a160      0x458 Middlewares/ST/STM32_USB_Host_Library/Core/Src/usbh_core.o
 .text.USBH_LL_SetTimer
                0x000000000800a5b8       0x1e Middlewares/ST/STM32_USB_Host_Library/Core/Src/usbh_core.o
                0x000000000800a5b8                USBH_LL_SetTimer
 .text.USBH_LL_IncTimer
                0x000000000800a5d6       0x24 Middlewares/ST/STM32_USB_Host_Library/Core/Src/usbh_core.o
                0x000000000800a5d6                USBH_LL_IncTimer
 .text.USBH_HandleSof
                0x000000000800a5fa       0x30 Middlewares/ST/STM32_USB_Host_Library/Core/Src/usbh_core.o
 .text.USBH_LL_PortEnabled
                0x000000000800a62a       0x34 Middlewares/ST/STM32_USB_Host_Library/Core/Src/usbh_core.o
                0x000000000800a62a                USBH_LL_PortEnabled
 .text.USBH_LL_PortDisabled
                0x000000000800a65e       0x1c Middlewares/ST/STM32_USB_Host_Library/Core/Src/usbh_core.o
                0x000000000800a65e                USBH_LL_PortDisabled
 .text.USBH_LL_Connect
                0x000000000800a67a       0x46 Middlewares/ST/STM32_USB_Host_Library/Core/Src/usbh_core.o
                0x000000000800a67a                USBH_LL_Connect
 .text.USBH_LL_Disconnect
                0x000000000800a6c0       0x64 Middlewares/ST/STM32_USB_Host_Library/Core/Src/usbh_core.o
                0x000000000800a6c0                USBH_LL_Disconnect
 .text.USBH_Process_OS
                0x000000000800a724       0x2e Middlewares/ST/STM32_USB_Host_Library/Core/Src/usbh_core.o
 .text.USBH_LL_NotifyURBChange
                0x000000000800a752       0x2e Middlewares/ST/STM32_USB_Host_Library/Core/Src/usbh_core.o
                0x000000000800a752                USBH_LL_NotifyURBChange
 .text.USBH_Get_DevDesc
                0x000000000800a780       0x50 Middlewares/ST/STM32_USB_Host_Library/Core/Src/usbh_ctlreq.o
                0x000000000800a780                USBH_Get_DevDesc
 .text.USBH_Get_CfgDesc
                0x000000000800a7d0       0x48 Middlewares/ST/STM32_USB_Host_Library/Core/Src/usbh_ctlreq.o
                0x000000000800a7d0                USBH_Get_CfgDesc
 .text.USBH_Get_StringDesc
                0x000000000800a818       0x56 Middlewares/ST/STM32_USB_Host_Library/Core/Src/usbh_ctlreq.o
                0x000000000800a818                USBH_Get_StringDesc
 .text.USBH_GetDescriptor
                0x000000000800a86e       0x6a Middlewares/ST/STM32_USB_Host_Library/Core/Src/usbh_ctlreq.o
                0x000000000800a86e                USBH_GetDescriptor
 .text.USBH_SetAddress
                0x000000000800a8d8       0x48 Middlewares/ST/STM32_USB_Host_Library/Core/Src/usbh_ctlreq.o
                0x000000000800a8d8                USBH_SetAddress
 .text.USBH_SetCfg
                0x000000000800a920       0x46 Middlewares/ST/STM32_USB_Host_Library/Core/Src/usbh_ctlreq.o
                0x000000000800a920                USBH_SetCfg
 .text.USBH_SetFeature
                0x000000000800a966       0x48 Middlewares/ST/STM32_USB_Host_Library/Core/Src/usbh_ctlreq.o
                0x000000000800a966                USBH_SetFeature
 .text.USBH_ClrFeature
                0x000000000800a9ae       0x48 Middlewares/ST/STM32_USB_Host_Library/Core/Src/usbh_ctlreq.o
                0x000000000800a9ae                USBH_ClrFeature
 .text.USBH_ParseDevDesc
                0x000000000800a9f6       0xe0 Middlewares/ST/STM32_USB_Host_Library/Core/Src/usbh_ctlreq.o
 .text.USBH_ParseCfgDesc
                0x000000000800aad6      0x144 Middlewares/ST/STM32_USB_Host_Library/Core/Src/usbh_ctlreq.o
 .text.USBH_ParseInterfaceDesc
                0x000000000800ac1a       0x5e Middlewares/ST/STM32_USB_Host_Library/Core/Src/usbh_ctlreq.o
 .text.USBH_ParseEPDesc
                0x000000000800ac78       0x5a Middlewares/ST/STM32_USB_Host_Library/Core/Src/usbh_ctlreq.o
 .text.USBH_ParseStringDesc
                0x000000000800acd2       0x66 Middlewares/ST/STM32_USB_Host_Library/Core/Src/usbh_ctlreq.o
 .text.USBH_GetNextDesc
                0x000000000800ad38       0x36 Middlewares/ST/STM32_USB_Host_Library/Core/Src/usbh_ctlreq.o
                0x000000000800ad38                USBH_GetNextDesc
 .text.USBH_CtlReq
                0x000000000800ad6e       0xb2 Middlewares/ST/STM32_USB_Host_Library/Core/Src/usbh_ctlreq.o
                0x000000000800ad6e                USBH_CtlReq
 .text.USBH_HandleControl
                0x000000000800ae20      0x490 Middlewares/ST/STM32_USB_Host_Library/Core/Src/usbh_ctlreq.o
 .text.USBH_CtlSendSetup
                0x000000000800b2b0       0x34 Middlewares/ST/STM32_USB_Host_Library/Core/Src/usbh_ioreq.o
                0x000000000800b2b0                USBH_CtlSendSetup
 .text.USBH_CtlSendData
                0x000000000800b2e4       0x4a Middlewares/ST/STM32_USB_Host_Library/Core/Src/usbh_ioreq.o
                0x000000000800b2e4                USBH_CtlSendData
 .text.USBH_CtlReceiveData
                0x000000000800b32e       0x3c Middlewares/ST/STM32_USB_Host_Library/Core/Src/usbh_ioreq.o
                0x000000000800b32e                USBH_CtlReceiveData
 .text.USBH_BulkSendData
                0x000000000800b36a       0x4a Middlewares/ST/STM32_USB_Host_Library/Core/Src/usbh_ioreq.o
                0x000000000800b36a                USBH_BulkSendData
 .text.USBH_BulkReceiveData
                0x000000000800b3b4       0x3c Middlewares/ST/STM32_USB_Host_Library/Core/Src/usbh_ioreq.o
                0x000000000800b3b4                USBH_BulkReceiveData
 .text.USBH_OpenPipe
                0x000000000800b3f0       0x3e Middlewares/ST/STM32_USB_Host_Library/Core/Src/usbh_pipes.o
                0x000000000800b3f0                USBH_OpenPipe
 .text.USBH_ClosePipe
                0x000000000800b42e       0x20 Middlewares/ST/STM32_USB_Host_Library/Core/Src/usbh_pipes.o
                0x000000000800b42e                USBH_ClosePipe
 .text.USBH_AllocPipe
                0x000000000800b44e       0x42 Middlewares/ST/STM32_USB_Host_Library/Core/Src/usbh_pipes.o
                0x000000000800b44e                USBH_AllocPipe
 .text.USBH_FreePipe
                0x000000000800b490       0x3c Middlewares/ST/STM32_USB_Host_Library/Core/Src/usbh_pipes.o
                0x000000000800b490                USBH_FreePipe
 .text.USBH_GetFreePipe
                0x000000000800b4cc       0x48 Middlewares/ST/STM32_USB_Host_Library/Core/Src/usbh_pipes.o
 .text.__NVIC_SetPriority
                0x000000000800b514       0x54 Middlewares/Third_Party/FreeRTOS/Source/CMSIS_RTOS_V2/cmsis_os2.o
 .text.SysTick_Handler
                0x000000000800b568       0x20 Middlewares/Third_Party/FreeRTOS/Source/CMSIS_RTOS_V2/cmsis_os2.o
                0x000000000800b568                SysTick_Handler
 .text.SVC_Setup
                0x000000000800b588       0x12 Middlewares/Third_Party/FreeRTOS/Source/CMSIS_RTOS_V2/cmsis_os2.o
 *fill*         0x000000000800b59a        0x2 
 .text.osKernelInitialize
                0x000000000800b59c       0x48 Middlewares/Third_Party/FreeRTOS/Source/CMSIS_RTOS_V2/cmsis_os2.o
                0x000000000800b59c                osKernelInitialize
 .text.osKernelStart
                0x000000000800b5e4       0x4c Middlewares/Third_Party/FreeRTOS/Source/CMSIS_RTOS_V2/cmsis_os2.o
                0x000000000800b5e4                osKernelStart
 .text.osThreadNew
                0x000000000800b630      0x124 Middlewares/Third_Party/FreeRTOS/Source/CMSIS_RTOS_V2/cmsis_os2.o
                0x000000000800b630                osThreadNew
 .text.osDelay  0x000000000800b754       0x36 Middlewares/Third_Party/FreeRTOS/Source/CMSIS_RTOS_V2/cmsis_os2.o
                0x000000000800b754                osDelay
 .text.TimerCallback
                0x000000000800b78a       0x2a Middlewares/Third_Party/FreeRTOS/Source/CMSIS_RTOS_V2/cmsis_os2.o
 .text.osTimerNew
                0x000000000800b7b4       0xf8 Middlewares/Third_Party/FreeRTOS/Source/CMSIS_RTOS_V2/cmsis_os2.o
                0x000000000800b7b4                osTimerNew
 .text.osEventFlagsNew
                0x000000000800b8ac       0x7e Middlewares/Third_Party/FreeRTOS/Source/CMSIS_RTOS_V2/cmsis_os2.o
                0x000000000800b8ac                osEventFlagsNew
 .text.osMessageQueueNew
                0x000000000800b92a       0xe6 Middlewares/Third_Party/FreeRTOS/Source/CMSIS_RTOS_V2/cmsis_os2.o
                0x000000000800b92a                osMessageQueueNew
 .text.osMessageQueuePut
                0x000000000800ba10       0xc0 Middlewares/Third_Party/FreeRTOS/Source/CMSIS_RTOS_V2/cmsis_os2.o
                0x000000000800ba10                osMessageQueuePut
 .text.osMessageQueueGet
                0x000000000800bad0       0xbc Middlewares/Third_Party/FreeRTOS/Source/CMSIS_RTOS_V2/cmsis_os2.o
                0x000000000800bad0                osMessageQueueGet
 .text.vApplicationGetIdleTaskMemory
                0x000000000800bb8c       0x34 Middlewares/Third_Party/FreeRTOS/Source/CMSIS_RTOS_V2/cmsis_os2.o
                0x000000000800bb8c                vApplicationGetIdleTaskMemory
 .text.vApplicationGetTimerTaskMemory
                0x000000000800bbc0       0x34 Middlewares/Third_Party/FreeRTOS/Source/CMSIS_RTOS_V2/cmsis_os2.o
                0x000000000800bbc0                vApplicationGetTimerTaskMemory
 .text.xEventGroupCreateStatic
                0x000000000800bbf4       0x6e Middlewares/Third_Party/FreeRTOS/Source/event_groups.o
                0x000000000800bbf4                xEventGroupCreateStatic
 .text.xEventGroupCreate
                0x000000000800bc62       0x34 Middlewares/Third_Party/FreeRTOS/Source/event_groups.o
                0x000000000800bc62                xEventGroupCreate
 .text.vListInitialise
                0x000000000800bc96       0x40 Middlewares/Third_Party/FreeRTOS/Source/list.o
                0x000000000800bc96                vListInitialise
 .text.vListInitialiseItem
                0x000000000800bcd6       0x1a Middlewares/Third_Party/FreeRTOS/Source/list.o
                0x000000000800bcd6                vListInitialiseItem
 .text.vListInsertEnd
                0x000000000800bcf0       0x48 Middlewares/Third_Party/FreeRTOS/Source/list.o
                0x000000000800bcf0                vListInsertEnd
 .text.vListInsert
                0x000000000800bd38       0x72 Middlewares/Third_Party/FreeRTOS/Source/list.o
                0x000000000800bd38                vListInsert
 .text.uxListRemove
                0x000000000800bdaa       0x54 Middlewares/Third_Party/FreeRTOS/Source/list.o
                0x000000000800bdaa                uxListRemove
 *fill*         0x000000000800bdfe        0x2 
 .text.xQueueGenericReset
                0x000000000800be00       0xd0 Middlewares/Third_Party/FreeRTOS/Source/queue.o
                0x000000000800be00                xQueueGenericReset
 .text.xQueueGenericCreateStatic
                0x000000000800bed0       0xf0 Middlewares/Third_Party/FreeRTOS/Source/queue.o
                0x000000000800bed0                xQueueGenericCreateStatic
 .text.xQueueGenericCreate
                0x000000000800bfc0       0x74 Middlewares/Third_Party/FreeRTOS/Source/queue.o
                0x000000000800bfc0                xQueueGenericCreate
 .text.prvInitialiseNewQueue
                0x000000000800c034       0x46 Middlewares/Third_Party/FreeRTOS/Source/queue.o
 *fill*         0x000000000800c07a        0x2 
 .text.xQueueGenericSend
                0x000000000800c07c      0x1fc Middlewares/Third_Party/FreeRTOS/Source/queue.o
                0x000000000800c07c                xQueueGenericSend
 .text.xQueueGenericSendFromISR
                0x000000000800c278      0x136 Middlewares/Third_Party/FreeRTOS/Source/queue.o
                0x000000000800c278                xQueueGenericSendFromISR
 *fill*         0x000000000800c3ae        0x2 
 .text.xQueueReceive
                0x000000000800c3b0      0x1c0 Middlewares/Third_Party/FreeRTOS/Source/queue.o
                0x000000000800c3b0                xQueueReceive
 .text.xQueueReceiveFromISR
                0x000000000800c570      0x100 Middlewares/Third_Party/FreeRTOS/Source/queue.o
                0x000000000800c570                xQueueReceiveFromISR
 .text.prvCopyDataToQueue
                0x000000000800c670       0xd4 Middlewares/Third_Party/FreeRTOS/Source/queue.o
 .text.prvCopyDataFromQueue
                0x000000000800c744       0x4c Middlewares/Third_Party/FreeRTOS/Source/queue.o
 .text.prvUnlockQueue
                0x000000000800c790       0xa4 Middlewares/Third_Party/FreeRTOS/Source/queue.o
 .text.prvIsQueueEmpty
                0x000000000800c834       0x2c Middlewares/Third_Party/FreeRTOS/Source/queue.o
 .text.prvIsQueueFull
                0x000000000800c860       0x30 Middlewares/Third_Party/FreeRTOS/Source/queue.o
 .text.vQueueAddToRegistry
                0x000000000800c890       0x54 Middlewares/Third_Party/FreeRTOS/Source/queue.o
                0x000000000800c890                vQueueAddToRegistry
 .text.vQueueWaitForMessageRestricted
                0x000000000800c8e4       0x68 Middlewares/Third_Party/FreeRTOS/Source/queue.o
                0x000000000800c8e4                vQueueWaitForMessageRestricted
 .text.xTaskCreateStatic
                0x000000000800c94c       0xba Middlewares/Third_Party/FreeRTOS/Source/tasks.o
                0x000000000800c94c                xTaskCreateStatic
 .text.xTaskCreate
                0x000000000800ca06       0x8a Middlewares/Third_Party/FreeRTOS/Source/tasks.o
                0x000000000800ca06                xTaskCreate
 .text.prvInitialiseNewTask
                0x000000000800ca90      0x11e Middlewares/Third_Party/FreeRTOS/Source/tasks.o
 *fill*         0x000000000800cbae        0x2 
 .text.prvAddNewTaskToReadyList
                0x000000000800cbb0       0xe0 Middlewares/Third_Party/FreeRTOS/Source/tasks.o
 .text.vTaskDelay
                0x000000000800cc90       0x68 Middlewares/Third_Party/FreeRTOS/Source/tasks.o
                0x000000000800cc90                vTaskDelay
 .text.vTaskStartScheduler
                0x000000000800ccf8       0xcc Middlewares/Third_Party/FreeRTOS/Source/tasks.o
                0x000000000800ccf8                vTaskStartScheduler
 .text.vTaskSuspendAll
                0x000000000800cdc4       0x1c Middlewares/Third_Party/FreeRTOS/Source/tasks.o
                0x000000000800cdc4                vTaskSuspendAll
 .text.xTaskResumeAll
                0x000000000800cde0      0x13c Middlewares/Third_Party/FreeRTOS/Source/tasks.o
                0x000000000800cde0                xTaskResumeAll
 .text.xTaskGetTickCount
                0x000000000800cf1c       0x20 Middlewares/Third_Party/FreeRTOS/Source/tasks.o
                0x000000000800cf1c                xTaskGetTickCount
 .text.xTaskIncrementTick
                0x000000000800cf3c      0x174 Middlewares/Third_Party/FreeRTOS/Source/tasks.o
                0x000000000800cf3c                xTaskIncrementTick
 .text.vTaskSwitchContext
                0x000000000800d0b0       0xbc Middlewares/Third_Party/FreeRTOS/Source/tasks.o
                0x000000000800d0b0                vTaskSwitchContext
 .text.vTaskPlaceOnEventList
                0x000000000800d16c       0x48 Middlewares/Third_Party/FreeRTOS/Source/tasks.o
                0x000000000800d16c                vTaskPlaceOnEventList
 .text.vTaskPlaceOnEventListRestricted
                0x000000000800d1b4       0x58 Middlewares/Third_Party/FreeRTOS/Source/tasks.o
                0x000000000800d1b4                vTaskPlaceOnEventListRestricted
 .text.xTaskRemoveFromEventList
                0x000000000800d20c       0xc8 Middlewares/Third_Party/FreeRTOS/Source/tasks.o
                0x000000000800d20c                xTaskRemoveFromEventList
 .text.vTaskInternalSetTimeOutState
                0x000000000800d2d4       0x2c Middlewares/Third_Party/FreeRTOS/Source/tasks.o
                0x000000000800d2d4                vTaskInternalSetTimeOutState
 .text.xTaskCheckForTimeOut
                0x000000000800d300       0xc4 Middlewares/Third_Party/FreeRTOS/Source/tasks.o
                0x000000000800d300                xTaskCheckForTimeOut
 .text.vTaskMissedYield
                0x000000000800d3c4       0x18 Middlewares/Third_Party/FreeRTOS/Source/tasks.o
                0x000000000800d3c4                vTaskMissedYield
 .text.prvIdleTask
                0x000000000800d3dc       0x30 Middlewares/Third_Party/FreeRTOS/Source/tasks.o
 .text.prvInitialiseTaskLists
                0x000000000800d40c       0x80 Middlewares/Third_Party/FreeRTOS/Source/tasks.o
 .text.prvCheckTasksWaitingTermination
                0x000000000800d48c       0x5c Middlewares/Third_Party/FreeRTOS/Source/tasks.o
 .text.prvDeleteTCB
                0x000000000800d4e8       0x5e Middlewares/Third_Party/FreeRTOS/Source/tasks.o
 *fill*         0x000000000800d546        0x2 
 .text.prvResetNextTaskUnblockTime
                0x000000000800d548       0x40 Middlewares/Third_Party/FreeRTOS/Source/tasks.o
 .text.xTaskGetSchedulerState
                0x000000000800d588       0x3c Middlewares/Third_Party/FreeRTOS/Source/tasks.o
                0x000000000800d588                xTaskGetSchedulerState
 .text.xTaskPriorityDisinherit
                0x000000000800d5c4       0xdc Middlewares/Third_Party/FreeRTOS/Source/tasks.o
                0x000000000800d5c4                xTaskPriorityDisinherit
 .text.prvAddCurrentTaskToDelayedList
                0x000000000800d6a0       0xa8 Middlewares/Third_Party/FreeRTOS/Source/tasks.o
 .text.xTimerCreateTimerTask
                0x000000000800d748       0x90 Middlewares/Third_Party/FreeRTOS/Source/timers.o
                0x000000000800d748                xTimerCreateTimerTask
 .text.xTimerCreate
                0x000000000800d7d8       0x42 Middlewares/Third_Party/FreeRTOS/Source/timers.o
                0x000000000800d7d8                xTimerCreate
 .text.xTimerCreateStatic
                0x000000000800d81a       0x7c Middlewares/Third_Party/FreeRTOS/Source/timers.o
                0x000000000800d81a                xTimerCreateStatic
 .text.prvInitialiseNewTimer
                0x000000000800d896       0x76 Middlewares/Third_Party/FreeRTOS/Source/timers.o
 .text.xTimerGenericCommand
                0x000000000800d90c       0x9c Middlewares/Third_Party/FreeRTOS/Source/timers.o
                0x000000000800d90c                xTimerGenericCommand
 .text.prvProcessExpiredTimer
                0x000000000800d9a8       0x98 Middlewares/Third_Party/FreeRTOS/Source/timers.o
 .text.prvTimerTask
                0x000000000800da40       0x24 Middlewares/Third_Party/FreeRTOS/Source/timers.o
 .text.prvProcessTimerOrBlockTask
                0x000000000800da64       0x9c Middlewares/Third_Party/FreeRTOS/Source/timers.o
 .text.prvGetNextExpireTime
                0x000000000800db00       0x48 Middlewares/Third_Party/FreeRTOS/Source/timers.o
 .text.prvSampleTimeNow
                0x000000000800db48       0x40 Middlewares/Third_Party/FreeRTOS/Source/timers.o
 .text.prvInsertTimerInActiveList
                0x000000000800db88       0x84 Middlewares/Third_Party/FreeRTOS/Source/timers.o
 .text.prvProcessReceivedCommands
                0x000000000800dc0c      0x1c4 Middlewares/Third_Party/FreeRTOS/Source/timers.o
 .text.prvSwitchTimerLists
                0x000000000800ddd0       0xc8 Middlewares/Third_Party/FreeRTOS/Source/timers.o
 .text.prvCheckForValidListAndQueue
                0x000000000800de98       0x80 Middlewares/Third_Party/FreeRTOS/Source/timers.o
 .text.pvTimerGetTimerID
                0x000000000800df18       0x40 Middlewares/Third_Party/FreeRTOS/Source/timers.o
                0x000000000800df18                pvTimerGetTimerID
 .text.pxPortInitialiseStack
                0x000000000800df58       0x68 Middlewares/Third_Party/FreeRTOS/Source/portable/GCC/ARM_CM4F/port.o
                0x000000000800df58                pxPortInitialiseStack
 .text.prvTaskExitError
                0x000000000800dfc0       0x58 Middlewares/Third_Party/FreeRTOS/Source/portable/GCC/ARM_CM4F/port.o
 *fill*         0x000000000800e018        0x8 
 .text.SVC_Handler
                0x000000000800e020       0x28 Middlewares/Third_Party/FreeRTOS/Source/portable/GCC/ARM_CM4F/port.o
                0x000000000800e020                SVC_Handler
 .text.prvPortStartFirstTask
                0x000000000800e048       0x28 Middlewares/Third_Party/FreeRTOS/Source/portable/GCC/ARM_CM4F/port.o
 .text.xPortStartScheduler
                0x000000000800e070      0x144 Middlewares/Third_Party/FreeRTOS/Source/portable/GCC/ARM_CM4F/port.o
                0x000000000800e070                xPortStartScheduler
 .text.vPortEnterCritical
                0x000000000800e1b4       0x60 Middlewares/Third_Party/FreeRTOS/Source/portable/GCC/ARM_CM4F/port.o
                0x000000000800e1b4                vPortEnterCritical
 .text.vPortExitCritical
                0x000000000800e214       0x54 Middlewares/Third_Party/FreeRTOS/Source/portable/GCC/ARM_CM4F/port.o
                0x000000000800e214                vPortExitCritical
 *fill*         0x000000000800e268        0x8 
 .text.PendSV_Handler
                0x000000000800e270       0x68 Middlewares/Third_Party/FreeRTOS/Source/portable/GCC/ARM_CM4F/port.o
                0x000000000800e270                PendSV_Handler
 .text.xPortSysTickHandler
                0x000000000800e2d8       0x44 Middlewares/Third_Party/FreeRTOS/Source/portable/GCC/ARM_CM4F/port.o
                0x000000000800e2d8                xPortSysTickHandler
 .text.vPortSetupTimerInterrupt
                0x000000000800e31c       0x48 Middlewares/Third_Party/FreeRTOS/Source/portable/GCC/ARM_CM4F/port.o
                0x000000000800e31c                vPortSetupTimerInterrupt
 .text.vPortEnableVFP
                0x000000000800e364       0x14 Middlewares/Third_Party/FreeRTOS/Source/portable/GCC/ARM_CM4F/port.o
 .text.vPortValidateInterruptPriority
                0x000000000800e378       0x80 Middlewares/Third_Party/FreeRTOS/Source/portable/GCC/ARM_CM4F/port.o
                0x000000000800e378                vPortValidateInterruptPriority
 .text.pvPortMalloc
                0x000000000800e3f8      0x198 Middlewares/Third_Party/FreeRTOS/Source/portable/MemMang/heap_4.o
                0x000000000800e3f8                pvPortMalloc
 .text.vPortFree
                0x000000000800e590       0xc4 Middlewares/Third_Party/FreeRTOS/Source/portable/MemMang/heap_4.o
                0x000000000800e590                vPortFree
 .text.prvHeapInit
                0x000000000800e654       0xc4 Middlewares/Third_Party/FreeRTOS/Source/portable/MemMang/heap_4.o
 .text.prvInsertBlockIntoFreeList
                0x000000000800e718       0xb4 Middlewares/Third_Party/FreeRTOS/Source/portable/MemMang/heap_4.o
 .text.MX_USB_HOST_Init
                0x000000000800e7cc       0x4c USB_HOST/App/usb_host.o
                0x000000000800e7cc                MX_USB_HOST_Init
 .text.USBH_UserProcess
                0x000000000800e818       0x5c USB_HOST/App/usb_host.o
 .text.HAL_HCD_MspInit
                0x000000000800e874       0xc4 USB_HOST/Target/usbh_conf.o
                0x000000000800e874                HAL_HCD_MspInit
 .text.HAL_HCD_SOF_Callback
                0x000000000800e938       0x1c USB_HOST/Target/usbh_conf.o
                0x000000000800e938                HAL_HCD_SOF_Callback
 .text.HAL_HCD_Connect_Callback
                0x000000000800e954       0x1c USB_HOST/Target/usbh_conf.o
                0x000000000800e954                HAL_HCD_Connect_Callback
 .text.HAL_HCD_Disconnect_Callback
                0x000000000800e970       0x1c USB_HOST/Target/usbh_conf.o
                0x000000000800e970                HAL_HCD_Disconnect_Callback
 .text.HAL_HCD_HC_NotifyURBChange_Callback
                0x000000000800e98c       0x24 USB_HOST/Target/usbh_conf.o
                0x000000000800e98c                HAL_HCD_HC_NotifyURBChange_Callback
 .text.HAL_HCD_PortEnabled_Callback
                0x000000000800e9b0       0x1c USB_HOST/Target/usbh_conf.o
                0x000000000800e9b0                HAL_HCD_PortEnabled_Callback
 .text.HAL_HCD_PortDisabled_Callback
                0x000000000800e9cc       0x1c USB_HOST/Target/usbh_conf.o
                0x000000000800e9cc                HAL_HCD_PortDisabled_Callback
 .text.USBH_LL_Init
                0x000000000800e9e8       0x78 USB_HOST/Target/usbh_conf.o
                0x000000000800e9e8                USBH_LL_Init
 .text.USBH_LL_Start
                0x000000000800ea60       0x36 USB_HOST/Target/usbh_conf.o
                0x000000000800ea60                USBH_LL_Start
 .text.USBH_LL_Stop
                0x000000000800ea96       0x36 USB_HOST/Target/usbh_conf.o
                0x000000000800ea96                USBH_LL_Stop
 .text.USBH_LL_GetSpeed
                0x000000000800eacc       0x4e USB_HOST/Target/usbh_conf.o
                0x000000000800eacc                USBH_LL_GetSpeed
 .text.USBH_LL_ResetPort
                0x000000000800eb1a       0x36 USB_HOST/Target/usbh_conf.o
                0x000000000800eb1a                USBH_LL_ResetPort
 .text.USBH_LL_GetLastXferSize
                0x000000000800eb50       0x26 USB_HOST/Target/usbh_conf.o
                0x000000000800eb50                USBH_LL_GetLastXferSize
 .text.USBH_LL_OpenPipe
                0x000000000800eb76       0x5e USB_HOST/Target/usbh_conf.o
                0x000000000800eb76                USBH_LL_OpenPipe
 .text.USBH_LL_ClosePipe
                0x000000000800ebd4       0x3e USB_HOST/Target/usbh_conf.o
                0x000000000800ebd4                USBH_LL_ClosePipe
 .text.USBH_LL_SubmitURB
                0x000000000800ec12       0x62 USB_HOST/Target/usbh_conf.o
                0x000000000800ec12                USBH_LL_SubmitURB
 .text.USBH_LL_GetURBState
                0x000000000800ec74       0x26 USB_HOST/Target/usbh_conf.o
                0x000000000800ec74                USBH_LL_GetURBState
 .text.USBH_LL_DriverVBUS
                0x000000000800ec9a       0x2e USB_HOST/Target/usbh_conf.o
                0x000000000800ec9a                USBH_LL_DriverVBUS
 .text.USBH_LL_SetToggle
                0x000000000800ecc8       0x60 USB_HOST/Target/usbh_conf.o
                0x000000000800ecc8                USBH_LL_SetToggle
 .text.USBH_Delay
                0x000000000800ed28       0x16 USB_HOST/Target/usbh_conf.o
                0x000000000800ed28                USBH_Delay
 *fill*         0x000000000800ed3e        0x2 
 .text.USBH_Get_USB_Status
                0x000000000800ed40       0x58 USB_HOST/Target/usbh_conf.o
                0x000000000800ed40                USBH_Get_USB_Status
 .text.MX_DriverVbusFS
                0x000000000800ed98       0x38 USB_HOST/Target/usbh_platform.o
                0x000000000800ed98                MX_DriverVbusFS
 .text.__errno  0x000000000800edd0        0xc c:/st/stm32cubeide_1.4.0/stm32cubeide/plugins/com.st.stm32cube.ide.mcu.externaltools.gnu-tools-for-stm32.9-2020-q2-update.win32_1.5.0.202011040924/tools/bin/../lib/gcc/arm-none-eabi/9.3.1/../../../../arm-none-eabi/lib/thumb/v7e-m+fp/hard\libc_nano.a(lib_a-errno.o)
                0x000000000800edd0                __errno
 .text.__libc_init_array
                0x000000000800eddc       0x48 c:/st/stm32cubeide_1.4.0/stm32cubeide/plugins/com.st.stm32cube.ide.mcu.externaltools.gnu-tools-for-stm32.9-2020-q2-update.win32_1.5.0.202011040924/tools/bin/../lib/gcc/arm-none-eabi/9.3.1/../../../../arm-none-eabi/lib/thumb/v7e-m+fp/hard\libc_nano.a(lib_a-init.o)
                0x000000000800eddc                __libc_init_array
 .text.malloc   0x000000000800ee24       0x10 c:/st/stm32cubeide_1.4.0/stm32cubeide/plugins/com.st.stm32cube.ide.mcu.externaltools.gnu-tools-for-stm32.9-2020-q2-update.win32_1.5.0.202011040924/tools/bin/../lib/gcc/arm-none-eabi/9.3.1/../../../../arm-none-eabi/lib/thumb/v7e-m+fp/hard\libc_nano.a(lib_a-malloc.o)
                0x000000000800ee24                malloc
 .text.free     0x000000000800ee34       0x10 c:/st/stm32cubeide_1.4.0/stm32cubeide/plugins/com.st.stm32cube.ide.mcu.externaltools.gnu-tools-for-stm32.9-2020-q2-update.win32_1.5.0.202011040924/tools/bin/../lib/gcc/arm-none-eabi/9.3.1/../../../../arm-none-eabi/lib/thumb/v7e-m+fp/hard\libc_nano.a(lib_a-malloc.o)
                0x000000000800ee34                free
 .text.memcpy   0x000000000800ee44       0x1c c:/st/stm32cubeide_1.4.0/stm32cubeide/plugins/com.st.stm32cube.ide.mcu.externaltools.gnu-tools-for-stm32.9-2020-q2-update.win32_1.5.0.202011040924/tools/bin/../lib/gcc/arm-none-eabi/9.3.1/../../../../arm-none-eabi/lib/thumb/v7e-m+fp/hard\libc_nano.a(lib_a-memcpy-stub.o)
                0x000000000800ee44                memcpy
 .text.memset   0x000000000800ee60       0x10 c:/st/stm32cubeide_1.4.0/stm32cubeide/plugins/com.st.stm32cube.ide.mcu.externaltools.gnu-tools-for-stm32.9-2020-q2-update.win32_1.5.0.202011040924/tools/bin/../lib/gcc/arm-none-eabi/9.3.1/../../../../arm-none-eabi/lib/thumb/v7e-m+fp/hard\libc_nano.a(lib_a-memset.o)
                0x000000000800ee60                memset
 .text._free_r  0x000000000800ee70       0xa0 c:/st/stm32cubeide_1.4.0/stm32cubeide/plugins/com.st.stm32cube.ide.mcu.externaltools.gnu-tools-for-stm32.9-2020-q2-update.win32_1.5.0.202011040924/tools/bin/../lib/gcc/arm-none-eabi/9.3.1/../../../../arm-none-eabi/lib/thumb/v7e-m+fp/hard\libc_nano.a(lib_a-nano-freer.o)
                0x000000000800ee70                _free_r
 .text._malloc_r
                0x000000000800ef10       0xb4 c:/st/stm32cubeide_1.4.0/stm32cubeide/plugins/com.st.stm32cube.ide.mcu.externaltools.gnu-tools-for-stm32.9-2020-q2-update.win32_1.5.0.202011040924/tools/bin/../lib/gcc/arm-none-eabi/9.3.1/../../../../arm-none-eabi/lib/thumb/v7e-m+fp/hard\libc_nano.a(lib_a-nano-mallocr.o)
                0x000000000800ef10                _malloc_r
 .text._sbrk_r  0x000000000800efc4       0x20 c:/st/stm32cubeide_1.4.0/stm32cubeide/plugins/com.st.stm32cube.ide.mcu.externaltools.gnu-tools-for-stm32.9-2020-q2-update.win32_1.5.0.202011040924/tools/bin/../lib/gcc/arm-none-eabi/9.3.1/../../../../arm-none-eabi/lib/thumb/v7e-m+fp/hard\libc_nano.a(lib_a-sbrkr.o)
                0x000000000800efc4                _sbrk_r
 .text.__malloc_lock
                0x000000000800efe4        0xc c:/st/stm32cubeide_1.4.0/stm32cubeide/plugins/com.st.stm32cube.ide.mcu.externaltools.gnu-tools-for-stm32.9-2020-q2-update.win32_1.5.0.202011040924/tools/bin/../lib/gcc/arm-none-eabi/9.3.1/../../../../arm-none-eabi/lib/thumb/v7e-m+fp/hard\libc_nano.a(lib_a-mlock.o)
                0x000000000800efe4                __malloc_lock
 .text.__malloc_unlock
                0x000000000800eff0        0xc c:/st/stm32cubeide_1.4.0/stm32cubeide/plugins/com.st.stm32cube.ide.mcu.externaltools.gnu-tools-for-stm32.9-2020-q2-update.win32_1.5.0.202011040924/tools/bin/../lib/gcc/arm-none-eabi/9.3.1/../../../../arm-none-eabi/lib/thumb/v7e-m+fp/hard\libc_nano.a(lib_a-mlock.o)
                0x000000000800eff0                __malloc_unlock
 .text.__retarget_lock_acquire_recursive
                0x000000000800effc        0x2 c:/st/stm32cubeide_1.4.0/stm32cubeide/plugins/com.st.stm32cube.ide.mcu.externaltools.gnu-tools-for-stm32.9-2020-q2-update.win32_1.5.0.202011040924/tools/bin/../lib/gcc/arm-none-eabi/9.3.1/../../../../arm-none-eabi/lib/thumb/v7e-m+fp/hard\libc_nano.a(lib_a-lock.o)
                0x000000000800effc                __retarget_lock_acquire_recursive
 .text.__retarget_lock_release_recursive
                0x000000000800effe        0x2 c:/st/stm32cubeide_1.4.0/stm32cubeide/plugins/com.st.stm32cube.ide.mcu.externaltools.gnu-tools-for-stm32.9-2020-q2-update.win32_1.5.0.202011040924/tools/bin/../lib/gcc/arm-none-eabi/9.3.1/../../../../arm-none-eabi/lib/thumb/v7e-m+fp/hard\libc_nano.a(lib_a-lock.o)
                0x000000000800effe                __retarget_lock_release_recursive
 *(.glue_7)
 .glue_7        0x000000000800f000        0x0 linker stubs
 *(.glue_7t)
 .glue_7t       0x000000000800f000        0x0 linker stubs
 *(.eh_frame)
 .eh_frame      0x000000000800f000        0x0 c:/st/stm32cubeide_1.4.0/stm32cubeide/plugins/com.st.stm32cube.ide.mcu.externaltools.gnu-tools-for-stm32.9-2020-q2-update.win32_1.5.0.202011040924/tools/bin/../lib/gcc/arm-none-eabi/9.3.1/thumb/v7e-m+fp/hard/crtbegin.o
 *(.init)
 .init          0x000000000800f000        0x4 c:/st/stm32cubeide_1.4.0/stm32cubeide/plugins/com.st.stm32cube.ide.mcu.externaltools.gnu-tools-for-stm32.9-2020-q2-update.win32_1.5.0.202011040924/tools/bin/../lib/gcc/arm-none-eabi/9.3.1/thumb/v7e-m+fp/hard/crti.o
                0x000000000800f000                _init
 .init          0x000000000800f004        0x8 c:/st/stm32cubeide_1.4.0/stm32cubeide/plugins/com.st.stm32cube.ide.mcu.externaltools.gnu-tools-for-stm32.9-2020-q2-update.win32_1.5.0.202011040924/tools/bin/../lib/gcc/arm-none-eabi/9.3.1/thumb/v7e-m+fp/hard/crtn.o
 *(.fini)
 .fini          0x000000000800f00c        0x4 c:/st/stm32cubeide_1.4.0/stm32cubeide/plugins/com.st.stm32cube.ide.mcu.externaltools.gnu-tools-for-stm32.9-2020-q2-update.win32_1.5.0.202011040924/tools/bin/../lib/gcc/arm-none-eabi/9.3.1/thumb/v7e-m+fp/hard/crti.o
                0x000000000800f00c                _fini
 .fini          0x000000000800f010        0x8 c:/st/stm32cubeide_1.4.0/stm32cubeide/plugins/com.st.stm32cube.ide.mcu.externaltools.gnu-tools-for-stm32.9-2020-q2-update.win32_1.5.0.202011040924/tools/bin/../lib/gcc/arm-none-eabi/9.3.1/thumb/v7e-m+fp/hard/crtn.o
                0x000000000800f018                . = ALIGN (0x4)
                0x000000000800f018                _etext = .

.vfp11_veneer   0x000000000800f018        0x0
 .vfp11_veneer  0x000000000800f018        0x0 linker stubs

.v4_bx          0x000000000800f018        0x0
 .v4_bx         0x000000000800f018        0x0 linker stubs

.iplt           0x000000000800f018        0x0
 .iplt          0x000000000800f018        0x0 c:/st/stm32cubeide_1.4.0/stm32cubeide/plugins/com.st.stm32cube.ide.mcu.externaltools.gnu-tools-for-stm32.9-2020-q2-update.win32_1.5.0.202011040924/tools/bin/../lib/gcc/arm-none-eabi/9.3.1/thumb/v7e-m+fp/hard/crtbegin.o

.rodata         0x000000000800f018      0x19c
                0x000000000800f018                . = ALIGN (0x4)
 *(.rodata)
 .rodata        0x000000000800f018       0x7a Core/Src/main.o
 *fill*         0x000000000800f092        0x2 
 .rodata        0x000000000800f094        0x4 Middlewares/ST/STM32_USB_Host_Library/Class/CDC/Src/usbh_cdc.o
 .rodata        0x000000000800f098        0xb Middlewares/ST/STM32_USB_Host_Library/Core/Src/usbh_core.o
 *fill*         0x000000000800f0a3        0x1 
 .rodata        0x000000000800f0a4        0x5 Middlewares/Third_Party/FreeRTOS/Source/tasks.o
 *fill*         0x000000000800f0a9        0x3 
 .rodata        0x000000000800f0ac        0xd Middlewares/Third_Party/FreeRTOS/Source/timers.o
 *(.rodata*)
 *fill*         0x000000000800f0b9        0x3 
 .rodata.defaultTask_attributes
                0x000000000800f0bc       0x24 Core/Src/main.o
                0x000000000800f0bc                defaultTask_attributes
 .rodata.Motor1PWM_attributes
                0x000000000800f0e0       0x24 Core/Src/main.o
                0x000000000800f0e0                Motor1PWM_attributes
 .rodata.Motor2PWM_attributes
                0x000000000800f104       0x24 Core/Src/main.o
                0x000000000800f104                Motor2PWM_attributes
 .rodata.Motor3PWM_attributes
                0x000000000800f128       0x24 Core/Src/main.o
                0x000000000800f128                Motor3PWM_attributes
 .rodata.Motor1PIDUpdate_attributes
                0x000000000800f14c       0x10 Core/Src/main.o
                0x000000000800f14c                Motor1PIDUpdate_attributes
 .rodata.Motor2PIDUpdate_attributes
                0x000000000800f15c       0x10 Core/Src/main.o
                0x000000000800f15c                Motor2PIDUpdate_attributes
 .rodata.Motor3PIDUpdate_attributes
                0x000000000800f16c       0x10 Core/Src/main.o
                0x000000000800f16c                Motor3PIDUpdate_attributes
 .rodata.DriveTrainPID_attributes
                0x000000000800f17c       0x10 Core/Src/main.o
                0x000000000800f17c                DriveTrainPID_attributes
 .rodata.myEvent01_attributes
                0x000000000800f18c       0x10 Core/Src/main.o
                0x000000000800f18c                myEvent01_attributes
 .rodata.AHBPrescTable
                0x000000000800f19c       0x10 Core/Src/system_stm32f4xx.o
                0x000000000800f19c                AHBPrescTable
 .rodata.APBPrescTable
                0x000000000800f1ac        0x8 Core/Src/system_stm32f4xx.o
                0x000000000800f1ac                APBPrescTable
                0x000000000800f1b4                . = ALIGN (0x4)

.ARM.extab      0x000000000800f1b4        0x0
                0x000000000800f1b4                . = ALIGN (0x4)
 *(.ARM.extab* .gnu.linkonce.armextab.*)
                0x000000000800f1b4                . = ALIGN (0x4)

.ARM            0x000000000800f1b4        0x8
                0x000000000800f1b4                . = ALIGN (0x4)
                0x000000000800f1b4                __exidx_start = .
 *(.ARM.exidx*)
 .ARM.exidx     0x000000000800f1b4        0x8 c:/st/stm32cubeide_1.4.0/stm32cubeide/plugins/com.st.stm32cube.ide.mcu.externaltools.gnu-tools-for-stm32.9-2020-q2-update.win32_1.5.0.202011040924/tools/bin/../lib/gcc/arm-none-eabi/9.3.1/thumb/v7e-m+fp/hard\libgcc.a(_udivmoddi4.o)
                0x000000000800f1bc                __exidx_end = .
                0x000000000800f1bc                . = ALIGN (0x4)

.rel.dyn        0x000000000800f1bc        0x0
 .rel.iplt      0x000000000800f1bc        0x0 c:/st/stm32cubeide_1.4.0/stm32cubeide/plugins/com.st.stm32cube.ide.mcu.externaltools.gnu-tools-for-stm32.9-2020-q2-update.win32_1.5.0.202011040924/tools/bin/../lib/gcc/arm-none-eabi/9.3.1/thumb/v7e-m+fp/hard/crtbegin.o

.preinit_array  0x000000000800f1bc        0x0
                0x000000000800f1bc                . = ALIGN (0x4)
                0x000000000800f1bc                PROVIDE (__preinit_array_start = .)
 *(.preinit_array*)
                0x000000000800f1bc                PROVIDE (__preinit_array_end = .)
                0x000000000800f1bc                . = ALIGN (0x4)

.init_array     0x000000000800f1bc        0x4
                0x000000000800f1bc                . = ALIGN (0x4)
                0x000000000800f1bc                PROVIDE (__init_array_start = .)
 *(SORT_BY_NAME(.init_array.*))
 *(.init_array*)
 .init_array    0x000000000800f1bc        0x4 c:/st/stm32cubeide_1.4.0/stm32cubeide/plugins/com.st.stm32cube.ide.mcu.externaltools.gnu-tools-for-stm32.9-2020-q2-update.win32_1.5.0.202011040924/tools/bin/../lib/gcc/arm-none-eabi/9.3.1/thumb/v7e-m+fp/hard/crtbegin.o
                0x000000000800f1c0                PROVIDE (__init_array_end = .)
                0x000000000800f1c0                . = ALIGN (0x4)

.fini_array     0x000000000800f1c0        0x4
                0x000000000800f1c0                . = ALIGN (0x4)
                [!provide]                        PROVIDE (__fini_array_start = .)
 *(SORT_BY_NAME(.fini_array.*))
 *(.fini_array*)
 .fini_array    0x000000000800f1c0        0x4 c:/st/stm32cubeide_1.4.0/stm32cubeide/plugins/com.st.stm32cube.ide.mcu.externaltools.gnu-tools-for-stm32.9-2020-q2-update.win32_1.5.0.202011040924/tools/bin/../lib/gcc/arm-none-eabi/9.3.1/thumb/v7e-m+fp/hard/crtbegin.o
                [!provide]                        PROVIDE (__fini_array_end = .)
                0x000000000800f1c4                . = ALIGN (0x4)
                0x000000000800f1c4                _sidata = LOADADDR (.data)

.data           0x0000000020000000       0x94 load address 0x000000000800f1c4
                0x0000000020000000                . = ALIGN (0x4)
                0x0000000020000000                _sdata = .
 *(.data)
 *(.data*)
 .data.SystemCoreClock
                0x0000000020000000        0x4 Core/Src/system_stm32f4xx.o
                0x0000000020000000                SystemCoreClock
 .data.uwTickPrio
                0x0000000020000004        0x4 Drivers/STM32F4xx_HAL_Driver/Src/stm32f4xx_hal.o
                0x0000000020000004                uwTickPrio
 .data.uwTickFreq
                0x0000000020000008        0x1 Drivers/STM32F4xx_HAL_Driver/Src/stm32f4xx_hal.o
                0x0000000020000008                uwTickFreq
 *fill*         0x0000000020000009        0x3 
 .data.CDC_Class
                0x000000002000000c       0x20 Middlewares/ST/STM32_USB_Host_Library/Class/CDC/Src/usbh_cdc.o
                0x000000002000000c                CDC_Class
 .data.uxCriticalNesting
                0x000000002000002c        0x4 Middlewares/Third_Party/FreeRTOS/Source/portable/GCC/ARM_CM4F/port.o
 .data._impure_ptr
                0x0000000020000030        0x4 c:/st/stm32cubeide_1.4.0/stm32cubeide/plugins/com.st.stm32cube.ide.mcu.externaltools.gnu-tools-for-stm32.9-2020-q2-update.win32_1.5.0.202011040924/tools/bin/../lib/gcc/arm-none-eabi/9.3.1/../../../../arm-none-eabi/lib/thumb/v7e-m+fp/hard\libc_nano.a(lib_a-impure.o)
                0x0000000020000030                _impure_ptr
 .data.impure_data
                0x0000000020000034       0x60 c:/st/stm32cubeide_1.4.0/stm32cubeide/plugins/com.st.stm32cube.ide.mcu.externaltools.gnu-tools-for-stm32.9-2020-q2-update.win32_1.5.0.202011040924/tools/bin/../lib/gcc/arm-none-eabi/9.3.1/../../../../arm-none-eabi/lib/thumb/v7e-m+fp/hard\libc_nano.a(lib_a-impure.o)
 *(.RamFunc)
 *(.RamFunc*)
                0x0000000020000094                . = ALIGN (0x4)
                0x0000000020000094                _edata = .

.igot.plt       0x0000000020000094        0x0 load address 0x000000000800f258
 .igot.plt      0x0000000020000094        0x0 c:/st/stm32cubeide_1.4.0/stm32cubeide/plugins/com.st.stm32cube.ide.mcu.externaltools.gnu-tools-for-stm32.9-2020-q2-update.win32_1.5.0.202011040924/tools/bin/../lib/gcc/arm-none-eabi/9.3.1/thumb/v7e-m+fp/hard/crtbegin.o
                0x0000000020000094                . = ALIGN (0x4)

.bss            0x0000000020000094     0x54c8 load address 0x000000000800f258
                0x0000000020000094                _sbss = .
                0x0000000020000094                __bss_start__ = _sbss
 *(.bss)
 .bss           0x0000000020000094       0x1c c:/st/stm32cubeide_1.4.0/stm32cubeide/plugins/com.st.stm32cube.ide.mcu.externaltools.gnu-tools-for-stm32.9-2020-q2-update.win32_1.5.0.202011040924/tools/bin/../lib/gcc/arm-none-eabi/9.3.1/thumb/v7e-m+fp/hard/crtbegin.o
 *(.bss*)
 .bss.DFSDM1_Init
                0x00000000200000b0        0x4 Core/Src/stm32f4xx_hal_msp.o
 .bss.DFSDM2_Init
                0x00000000200000b4        0x4 Core/Src/stm32f4xx_hal_msp.o
 .bss.FSMC_Initialized
                0x00000000200000b8        0x4 Core/Src/stm32f4xx_hal_msp.o
 .bss.__sbrk_heap_end
                0x00000000200000bc        0x4 Core/Src/sysmem.o
 .bss.v_dfsdm1ChannelCounter
                0x00000000200000c0        0x4 Drivers/STM32F4xx_HAL_Driver/Src/stm32f4xx_hal_dfsdm.o
                0x00000000200000c0                v_dfsdm1ChannelCounter
 .bss.a_dfsdm1ChannelHandle
                0x00000000200000c4       0x10 Drivers/STM32F4xx_HAL_Driver/Src/stm32f4xx_hal_dfsdm.o
                0x00000000200000c4                a_dfsdm1ChannelHandle
 .bss.v_dfsdm2ChannelCounter
                0x00000000200000d4        0x4 Drivers/STM32F4xx_HAL_Driver/Src/stm32f4xx_hal_dfsdm.o
                0x00000000200000d4                v_dfsdm2ChannelCounter
 .bss.a_dfsdm2ChannelHandle
                0x00000000200000d8       0x20 Drivers/STM32F4xx_HAL_Driver/Src/stm32f4xx_hal_dfsdm.o