main.cpp:116:5:int main()	8	static
main.cpp:208:6:void SystemClock_Config()	176	static
main.cpp:273:13:void MX_ADC1_Init()	24	static
main.cpp:323:13:void MX_DAC_Init()	16	static
main.cpp:361:13:void MX_DFSDM1_Init()	8	static
main.cpp:399:13:void MX_DFSDM2_Init()	8	static
main.cpp:454:13:void MX_FMPI2C1_Init()	8	static
main.cpp:494:13:void MX_I2S2_Init()	8	static
main.cpp:528:13:void MX_QUADSPI_Init()	8	static
main.cpp:563:13:void MX_SDIO_SD_Init()	8	static
main.cpp:599:13:void MX_UART10_Init()	8	static
main.cpp:632:13:void MX_USART6_UART_Init()	8	static
main.cpp:665:13:void MX_GPIO_Init()	64	static
main.cpp:809:13:void MX_FSMC_Init()	40	static
main.cpp:910:6:void StartDefaultTask(void*)	16	static
main.cpp:930:6:void StartMotor1PWM(void*)	16	static
main.cpp:955:6:void HAL_TIM_PeriodElapsedCallback(TIM_HandleTypeDef*)	16	static
main.cpp:972:6:void Error_Handler()	4	static,ignoring_inline_asm
main.cpp:981:1:void __static_initialization_and_destruction_0(int, int)	40	static
main.cpp:981:1:cpp)	8	static
