stm32f4xx_hal_msp.c:64:6:HAL_MspInit	16	static
stm32f4xx_hal_msp.c:88:6:HAL_ADC_MspInit	56	static
stm32f4xx_hal_msp.c:138:6:HAL_ADC_MspDeInit	16	static
stm32f4xx_hal_msp.c:175:6:HAL_DAC_MspInit	48	static
stm32f4xx_hal_msp.c:211:6:HAL_DAC_MspDeInit	16	static
stm32f4xx_hal_msp.c:243:6:HAL_DFSDM_ChannelMspInit	64	static
stm32f4xx_hal_msp.c:330:6:HAL_DFSDM_ChannelMspDeInit	16	static
stm32f4xx_hal_msp.c:392:6:HAL_FMPI2C_MspInit	48	static
stm32f4xx_hal_msp.c:428:6:HAL_FMPI2C_MspDeInit	16	static
stm32f4xx_hal_msp.c:457:6:HAL_I2S_MspInit	56	static
stm32f4xx_hal_msp.c:527:6:HAL_I2S_MspDeInit	16	static
stm32f4xx_hal_msp.c:565:6:HAL_QSPI_MspInit	64	static
stm32f4xx_hal_msp.c:637:6:HAL_QSPI_MspDeInit	16	static
stm32f4xx_hal_msp.c:678:6:HAL_SD_MspInit	48	static
stm32f4xx_hal_msp.c:727:6:HAL_SD_MspDeInit	16	static
stm32f4xx_hal_msp.c:763:6:HAL_UART_MspInit	56	static
stm32f4xx_hal_msp.c:823:6:HAL_UART_MspDeInit	16	static
stm32f4xx_hal_msp.c:866:13:HAL_FSMC_MspInit	32	static
stm32f4xx_hal_msp.c:961:6:HAL_SRAM_MspInit	16	static
stm32f4xx_hal_msp.c:973:13:HAL_FSMC_MspDeInit	8	static
stm32f4xx_hal_msp.c:1046:6:HAL_SRAM_MspDeInit	16	static
