main.cpp:157:5:int main()	8	static
main.cpp:271:6:void SystemClock_Config()	176	static
main.cpp:336:13:void MX_ADC1_Init()	24	static
main.cpp:386:13:void MX_DFSDM1_Init()	8	static
main.cpp:424:13:void MX_DFSDM2_Init()	8	static
main.cpp:479:13:void MX_FMPI2C1_Init()	8	static
main.cpp:519:13:void MX_I2S2_Init()	8	static
main.cpp:553:13:void MX_QUADSPI_Init()	8	static
main.cpp:588:13:void MX_SDIO_SD_Init()	8	static
main.cpp:624:13:void MX_UART10_Init()	8	static
main.cpp:657:13:void MX_USART6_UART_Init()	8	static
main.cpp:690:13:void MX_GPIO_Init()	64	static
main.cpp:796:13:void MX_FSMC_Init()	40	static
main.cpp:895:6:void StartDefaultTask(void*)	16	static
main.cpp:915:6:void StartMotor1PWM(void*)	64	static
main.cpp:936:6:void StartMotor2PWM(void*)	16	static
main.cpp:954:6:void StartMotor3PWM(void*)	16	static
main.cpp:966:6:void RunMotor1PIDUpdate(void*)	16	static
main.cpp:974:6:void RunMotor2PIDUpdate(void*)	16	static
main.cpp:982:6:void RunMotor3PIDUpdate(void*)	16	static
main.cpp:990:6:void RunDriveTrainPID(void*)	16	static
main.cpp:1005:6:void HAL_TIM_PeriodElapsedCallback(TIM_HandleTypeDef*)	16	static
main.cpp:1022:6:void Error_Handler()	4	static,ignoring_inline_asm
