stm32f4xx_hal_msp.c:64:6:HAL_MspInit	16	static
stm32f4xx_hal_msp.c:88:6:HAL_ADC_MspInit	56	static
stm32f4xx_hal_msp.c:138:6:HAL_ADC_MspDeInit	16	static
stm32f4xx_hal_msp.c:177:6:HAL_DFSDM_ChannelMspInit	64	static
stm32f4xx_hal_msp.c:264:6:HAL_DFSDM_ChannelMspDeInit	16	static
stm32f4xx_hal_msp.c:326:6:HAL_FMPI2C_MspInit	48	static
stm32f4xx_hal_msp.c:362:6:HAL_FMPI2C_MspDeInit	16	static
stm32f4xx_hal_msp.c:391:6:HAL_I2S_MspInit	56	static
stm32f4xx_hal_msp.c:461:6:HAL_I2S_MspDeInit	16	static
stm32f4xx_hal_msp.c:499:6:HAL_QSPI_MspInit	64	static
stm32f4xx_hal_msp.c:571:6:HAL_QSPI_MspDeInit	16	static
stm32f4xx_hal_msp.c:612:6:HAL_SD_MspInit	48	static
stm32f4xx_hal_msp.c:661:6:HAL_SD_MspDeInit	16	static
stm32f4xx_hal_msp.c:697:6:HAL_UART_MspInit	56	static
stm32f4xx_hal_msp.c:757:6:HAL_UART_MspDeInit	16	static
stm32f4xx_hal_msp.c:800:13:HAL_FSMC_MspInit	32	static
stm32f4xx_hal_msp.c:895:6:HAL_SRAM_MspInit	16	static
stm32f4xx_hal_msp.c:907:13:HAL_FSMC_MspDeInit	8	static
stm32f4xx_hal_msp.c:980:6:HAL_SRAM_MspDeInit	16	static
